20:22:45  Shadow of the Tomb Raider  window 98566145  GPU card1  output benchmarks/2026-09-23-sottr-power
20:22:45  a pass is already running; it is the warm-up (discarded)
20:27:28  rest       run 1: 
20:31:08  dpm_high   run 1: 
20:34:47  baseline   run 1: 
20:38:27  dpm_high   run 2: 
20:42:12  baseline   run 2: 
20:45:52  rest       run 2: 
20:49:31  baseline   run 3: 
20:53:11  rest       run 3: 
20:56:51  dpm_high   run 3: 
21:00:30  rest       run 4: 
21:04:10  dpm_high   run 4: 
21:07:50  baseline   run 4: 
21:07:50  session complete: benchmarks/2026-09-23-sottr-power
21:07:50  restoring the machine to how it was found
  governor=performance
  epp=performance
  dpm=high
  profile=performance
