[01:33:06.265137] [W] OptiScaler v0.9.4-final (7534ad0) loaded
[01:33:06.265174] [W] ---------------------------------
[01:33:06.265184] [W] OptiScaler is freely downloadable from
[01:33:06.265189] [W] GitHub : https://github.com/optiscaler/OptiScaler/releases
[01:33:06.265195] [W] Nexus  : https://www.nexusmods.com/site/mods/986
[01:33:06.265200] [W] If you paid for these files, you've been scammed!
[01:33:06.265206] [W] DO NOT USE IN MULTIPLAYER GAMES
[01:33:06.265211] [I] 
[01:33:06.265217] [I] LogLevel: 2
[01:33:06.265222] [I] 
[01:33:06.265230] [I] Windows version: Windows 10 (10.0.19045)
[01:33:06.265236] [I] Config parameters:
[01:33:06.265241] [I] Upscalers.Dx12Upscaler: fsr31
[01:33:06.265247] [I] FrameGen.Enabled: false
[01:33:06.265252] [I] Log.LogLevel: 2
[01:33:06.265257] [I] Log.LogToFile: true
[01:33:06.265262] [I] Hotfix.CheckForUpdate: false
[01:33:06.265267] [I] Spoofing.Dxgi: false
[01:33:06.265273] [I] 
[01:33:06.265278] [I] Setting DllPath to S:\steamapps\common\Cyberpunk 2077\bin\x64
[01:33:06.265284] [I] 
[01:33:06.265299] [I] 
[01:33:06.265307] [I] IsRunningOnWine Running on Wine 11.0!
[01:33:06.265312] [I] 
[01:33:06.265318] [I] Check for DLSS files
[01:33:06.265342] [I] Util::FindFilePath nvngx_dlss.dll found at S:\steamapps\common\Cyberpunk 2077\bin\x64
[01:33:06.265367] [I] Util::FindFilePath nvngx_dlssd.dll found at S:\steamapps\common\Cyberpunk 2077\bin\x64
[01:33:06.265387] [I] Util::FindFilePath nvngx_dlssg.dll found at S:\steamapps\common\Cyberpunk 2077\bin\x64
[01:33:06.265393] [I] 
[01:33:06.284018] [I] Not running on Nvidia, disabling DLSS
[01:33:06.284054] [I] 
[01:33:06.284244] [I] CheckQuirks Game's Exe: Cyberpunk2077.exe
[01:33:06.284257] [I] CheckQuirks Game Name: Cyberpunk 2077
[01:33:06.284264] [I] CheckQuirks Game Version: 2.31
[01:33:06.284271] [I] CheckQuirks Game Engine: Other
[01:33:06.284668] [I] Quirk: Fixing DLSSG's hudless state in Cyberpunk
[01:33:06.284678] [I] Quirk: FSR FG hudless mismatch fixup
[01:33:06.284685] [I] 
[01:33:06.285889] [I] CheckWorkingMode OptiScaler working as dxgi.dll, system dll loaded
[01:33:06.285996] [W] Config::CheckUpscalerFiles nvngx.dll not found!
[01:33:06.286022] [I] Util::FindFilePath nvngx_dlss.dll found at S:\steamapps\common\Cyberpunk 2077\bin\x64
[01:33:06.286035] [I] Config::CheckUpscalerFiles libxess.dll found in game folder
[01:33:06.286228] [I] Vulkan_wDx12::Hook Attaching Vulkan vkQueueSubmit hook
[01:33:06.286474] [I] StreamlineHooks::hookInterposer Streamline version: 2.7.1
[01:33:06.287150] [I] Util::LoadProxyLibrary libxess.dll already loaded at memory: 6FFFE3B00000
[01:33:06.288438] [I] Util::LoadProxyLibrary libxess.dll loaded from Opti dll path: S:\steamapps\common\Cyberpunk 2077\bin\x64\libxess.dll
[01:33:06.288456] [I] XeSSProxy::InitXeSS Loaded from S:\steamapps\common\Cyberpunk 2077\bin\x64\libxess.dll
[01:33:06.288578] [I] XeSSProxy::InitXeSS LoadResult: true
[01:33:06.288641] [I] 
[01:33:06.289301] [W] Util::LoadProxyLibrary Can't find amd_fidelityfx_loader_dx12.dll, returning nullptr!
[01:33:06.289684] [I] Util::LoadProxyLibrary amd_fidelityfx_dx12.dll loaded from Opti dll path: S:\steamapps\common\Cyberpunk 2077\bin\x64\amd_fidelityfx_dx12.dll
[01:33:06.289698] [I] FfxApiProxy::InitFfxDx12 Loaded from S:\steamapps\common\Cyberpunk 2077\bin\x64\amd_fidelityfx_dx12.dll
[01:33:06.289746] [I] 
[01:33:06.304127] [I] Util::LoadProxyLibrary amd_fidelityfx_upscaler_dx12.dll loaded from Opti dll path: S:\steamapps\common\Cyberpunk 2077\bin\x64\amd_fidelityfx_upscaler_dx12.dll
[01:33:06.306090] [I] FfxApiProxy::InitFfxDx12_SR Loaded from S:\steamapps\common\Cyberpunk 2077\bin\x64\amd_fidelityfx_upscaler_dx12.dll
[01:33:06.306117] [I] FfxApiProxy::InitFfxDx12_SR LoadResult: true
[01:33:06.306125] [I] 
[01:33:06.306809] [W] Util::LoadProxyLibrary Can't find amd_fidelityfx_framegeneration_dx12.dll, returning nullptr!
[01:33:06.306820] [I] FfxApiProxy::InitFfxDx12_FG LoadResult: false
[01:33:06.306826] [I] 
[01:33:06.307433] [W] Util::LoadProxyLibrary Can't find amd_fidelityfx_denoiser_dx12.dll, returning nullptr!
[01:33:06.307449] [I] FfxApiProxy::InitFfxDx12_Denoiser LoadResult: false
[01:33:06.307458] [I] 
[01:33:06.308069] [W] Util::LoadProxyLibrary Can't find amd_fidelityfx_radiancecache_dx12.dll, returning nullptr!
[01:33:06.308079] [I] FfxApiProxy::InitFfxDx12_Radiance LoadResult: false
[01:33:06.308085] [I] FfxApiProxy::InitFfxDx12 LoadResult: true
[01:33:06.308091] [I] 
[01:33:06.308706] [W] Util::LoadProxyLibrary Can't find amd_fidelityfx_framegeneration_dx12.dll, returning nullptr!
[01:33:06.308718] [I] FfxApiProxy::InitFfxDx12_FG LoadResult: false
[01:33:06.308724] [I] 
[01:33:06.309310] [W] Util::LoadProxyLibrary Can't find amd_fidelityfx_denoiser_dx12.dll, returning nullptr!
[01:33:06.309320] [I] FfxApiProxy::InitFfxDx12_Denoiser LoadResult: false
[01:33:06.309326] [I] 
[01:33:06.309905] [W] Util::LoadProxyLibrary Can't find amd_fidelityfx_radiancecache_dx12.dll, returning nullptr!
[01:33:06.309915] [I] FfxApiProxy::InitFfxDx12_Radiance LoadResult: false
[01:33:06.344544] [I] Util::LoadProxyLibrary libxess_dx11.dll loaded from Opti dll path: S:\steamapps\common\Cyberpunk 2077\bin\x64\libxess_dx11.dll
[01:33:06.344597] [I] XeSSProxy::InitXeSSDx11 Loaded from S:\steamapps\common\Cyberpunk 2077\bin\x64\libxess_dx11.dll
[01:33:06.344649] [I] XeSSProxy::InitXeSSDx11 LoadResult: true
[01:33:06.344661] [I] Util::LoadProxyLibrary libxess_fg.dll already loaded at memory: 6FFFE8570000
[01:33:06.367709] [I] Util::LoadProxyLibrary libxess_fg.dll loaded from Opti dll path: S:\steamapps\common\Cyberpunk 2077\bin\x64\libxess_fg.dll
[01:33:06.367785] [I] XeFGProxy::InitXeFG Loaded from S:\steamapps\common\Cyberpunk 2077\bin\x64\libxess_fg.dll
[01:33:06.367792] [I] 
[01:33:06.367804] [I] XeFGProxy::HookXeFG LoadResult: true
[01:33:06.367818] [I] Util::LoadProxyLibrary libxell.dll already loaded at memory: 6FFFEF320000
[01:33:06.367875] [I] Util::LoadProxyLibrary libxell.dll loaded from Opti dll path: S:\steamapps\common\Cyberpunk 2077\bin\x64\libxell.dll
[01:33:06.367883] [I] XeLLProxy::InitXeLL Loaded from S:\steamapps\common\Cyberpunk 2077\bin\x64\libxell.dll
[01:33:06.367888] [I] 
[01:33:06.367896] [I] XeLLProxy::HookXeLL LoadResult: true
[01:33:06.367902] [I] NVNGXProxy::InitNVNGX 
[01:33:06.369512] [I] Util::LoadProxyLibrary _nvngx.dll loaded from system path
[01:33:06.369544] [I] NVNGXProxy::InitNVNGX Loaded from C:\windows\system32\_nvngx.dll
[01:33:06.369551] [I] NVNGXProxy::InitNVNGX Getting nvngx method addresses
[01:33:06.369558] [I] HookNgxApi NVSDK_NGX_XXXXXX_GetFeatureRequirements found, hooking!
[01:33:06.369608] [I] 
[01:33:06.369987] [I] InitFSR4Update amdxc64.dll loaded
[01:33:06.370039] [I] OverrideNvapiDll not set, setting it to: true
[01:33:06.370050] [I] 
[01:33:06.370061] [I] HookFSR2ExeInputs Trying to hook FSR2 methods
[01:33:06.370128] [I] HookFSR3Inputs Trying to hook FSR3 methods
[01:33:06.370169] [I] HookFSR3Dx12Inputs Trying to hook FSR3 methods
[01:33:06.370178] [I] HookFSR3ExeInputs Trying to hook FSR3 methods
[01:33:06.370206] [I] 
[01:33:06.370213] [I] Init done
[01:33:06.370220] [I] ---------------------------------------------
[01:33:06.370226] [I] 
[01:33:06.427402] [I] Util::FindFilePath nvngx_dlss.dll found at S:\steamapps\common\Cyberpunk 2077\bin\x64
[01:33:06.642152] [I] LibraryLoadHooks::LoadLibraryCheckW Calling CreateDxgiFactory methods for overlay!
[01:33:06.678791] [I] VulkanSpoofing::hkvkCreateInstance vkInstanceExtensions is empty, enumerating instance extensions
[01:33:06.680104] [I] VulkanSpoofing::hkvkCreateInstance Adding FFX Vulkan extensions
[01:33:06.680118] [I] VulkanSpoofing::hkvkCreateInstance Adding Vulkan w/Dx12 extensions
[01:33:06.873499] [I] VulkanSpoofing::hkvkCreateInstance Adding FFX Vulkan extensions
[01:33:06.873567] [I] VulkanSpoofing::hkvkCreateInstance Adding Vulkan w/Dx12 extensions
[01:33:07.051369] [I] VulkanSpoofing::hkvkCreateInstance Adding FFX Vulkan extensions
[01:33:07.051410] [I] VulkanSpoofing::hkvkCreateInstance Adding Vulkan w/Dx12 extensions
[01:33:07.386063] [I] LibraryLoadHooks::LoadLibraryCheckW dxgi.dll call, returning this dll!
[01:33:07.411293] [I] VulkanSpoofing::hkvkCreateInstance Adding FFX Vulkan extensions
[01:33:07.411340] [I] VulkanSpoofing::hkvkCreateInstance Adding Vulkan w/Dx12 extensions
[01:33:07.476417] [W] DxgiSpoofing::AttachToAdapter DxgiSpoofing and DxgiVRAM is disabled, skipping hooking
[01:33:08.085979] [W] StreamlineHooks::streamlineLogCallback [01-33-08][streamline][warn][tid:1064][1s:824ms:629us]sl.cpp:285[operator ()] Seems like some DX/VK APIs were invoked before slInit()!!! This may result in incorrect behaviour.
[01:33:08.086044] [I] StreamlineHooks::streamlineLogCallback [01-33-08][streamline][info][tid:1064][1s:824ms:705us]pluginManager.cpp:489[setHostSDKVersion] Streamline v2.7.1.3afe5cc2 - built on Fri Jan 10 15:26:57 2025 - host SDK v2.7.1
[01:33:08.086113] [W] StreamlineHooks::streamlineLogCallback [01-33-08][streamline][warn][tid:1064][1s:824ms:775us]file.h:96[open] File 'C:\ProgramData/NVIDIA/NGX/models/nvngx_config.txt' does not exist
[01:33:08.086136] [W] StreamlineHooks::streamlineLogCallback [01-33-08][streamline][warn][tid:1064][1s:824ms:799us]ota.cpp:255[readServerManifest] Failed to open manifest file at: C:\ProgramData/NVIDIA/NGX/models/nvngx_config.txt
[01:33:08.087524] [I] LibraryLoadHooks::LoadLibraryCheckW Overrided nvapi64.dll call!
[01:33:08.090674] [W] LibraryLoadHooks::LoadNvApi nvapi64.dll loaded from system!
[01:33:08.090730] [I] NvApiHooks::Hook NvAPI_QueryInterface found, hooking!
[01:33:08.092372] [I] fakenvapi::Init Failed to initialize fakenvapi
[01:33:08.122192] [I] VulkanSpoofing::hkvkCreateInstance Adding FFX Vulkan extensions
[01:33:08.122293] [I] VulkanSpoofing::hkvkCreateInstance Adding Vulkan w/Dx12 extensions
[01:33:08.195292] [I] LibraryLoadHooks::LoadLibraryCheckW Overrided nvapi64.dll call!
[01:33:08.195347] [I] StreamlineHooks::streamlineLogCallback [01-33-08][streamline][info][tid:1064][1s:933ms:996us]ota.cpp:337[checkForOTA] OTA only enabled with NVIDIA GPUs in the system
[01:33:08.197155] [W] LibraryLoadHooks::LoadNvApi nvapi64.dll loaded from system!
[01:33:08.200737] [I] LibraryLoadHooks::LoadLibraryCheckW Overrided nvapi64.dll call!
[01:33:08.200770] [I] StreamlineHooks::streamlineLogCallback [01-33-08][streamline][info][tid:1064][1s:939ms:425us]ota.cpp:337[checkForOTA] OTA only enabled with NVIDIA GPUs in the system
[01:33:08.202441] [W] LibraryLoadHooks::LoadNvApi nvapi64.dll loaded from system!
[01:33:08.206387] [I] LibraryLoadHooks::LoadLibraryCheckW Overrided nvapi64.dll call!
[01:33:08.206424] [I] StreamlineHooks::streamlineLogCallback [01-33-08][streamline][info][tid:1064][1s:945ms:078us]ota.cpp:337[checkForOTA] OTA only enabled with NVIDIA GPUs in the system
[01:33:08.209039] [W] LibraryLoadHooks::LoadNvApi nvapi64.dll loaded from system!
[01:33:08.215802] [I] LibraryLoadHooks::LoadLibraryCheckW Overrided nvapi64.dll call!
[01:33:08.215853] [I] StreamlineHooks::streamlineLogCallback [01-33-08][streamline][info][tid:1064][1s:954ms:502us]ota.cpp:337[checkForOTA] OTA only enabled with NVIDIA GPUs in the system
[01:33:08.217783] [W] LibraryLoadHooks::LoadNvApi nvapi64.dll loaded from system!
[01:33:08.222591] [I] LibraryLoadHooks::LoadLibraryCheckW Overrided nvapi64.dll call!
[01:33:08.222659] [I] StreamlineHooks::streamlineLogCallback [01-33-08][streamline][info][tid:1064][1s:961ms:301us]ota.cpp:337[checkForOTA] OTA only enabled with NVIDIA GPUs in the system
[01:33:08.225001] [W] LibraryLoadHooks::LoadNvApi nvapi64.dll loaded from system!
[01:33:08.228952] [I] StreamlineHooks::streamlineLogCallback [01-33-08][streamline][info][tid:1064][1s:967ms:601us]ota.cpp:337[checkForOTA] OTA only enabled with NVIDIA GPUs in the system
[01:33:08.229014] [I] StreamlineHooks::streamlineLogCallback [01-33-08][streamline][info][tid:1064][1s:967ms:675us]pluginManager.cpp:618[findPlugins] Looking for plugins in S:\steamapps\common\Cyberpunk 2077\bin\x64\ ...
[01:33:08.229330] [I] LibraryLoadHooks::LoadLibraryCheckW Overrided nvapi64.dll call!
[01:33:08.229345] [I] StreamlineHooks::streamlineLogCallback [01-33-08][streamline][info][tid:1064][1s:968ms:003us]pluginManager.cpp:1086[loadPlugins] Searching for OTA'd plugins...
[01:33:08.231307] [W] LibraryLoadHooks::LoadNvApi nvapi64.dll loaded from system!
[01:33:08.235535] [I] LibraryLoadHooks::LoadLibraryCheckW Overrided nvapi64.dll call!
[01:33:08.235583] [I] StreamlineHooks::streamlineLogCallback [01-33-08][streamline][info][tid:1064][1s:974ms:231us]ota.cpp:406[getOTAPluginForFeature] OTA only enabled with NVIDIA GPUs in the system
[01:33:08.237531] [W] LibraryLoadHooks::LoadNvApi nvapi64.dll loaded from system!
[01:33:08.241701] [I] LibraryLoadHooks::LoadLibraryCheckW Overrided nvapi64.dll call!
[01:33:08.241744] [I] StreamlineHooks::streamlineLogCallback [01-33-08][streamline][info][tid:1064][1s:980ms:394us]ota.cpp:406[getOTAPluginForFeature] OTA only enabled with NVIDIA GPUs in the system
[01:33:08.243382] [W] LibraryLoadHooks::LoadNvApi nvapi64.dll loaded from system!
[01:33:08.246965] [I] LibraryLoadHooks::LoadLibraryCheckW Overrided nvapi64.dll call!
[01:33:08.247010] [I] StreamlineHooks::streamlineLogCallback [01-33-08][streamline][info][tid:1064][1s:985ms:662us]ota.cpp:406[getOTAPluginForFeature] OTA only enabled with NVIDIA GPUs in the system
[01:33:08.248858] [W] LibraryLoadHooks::LoadNvApi nvapi64.dll loaded from system!
[01:33:08.252683] [I] LibraryLoadHooks::LoadLibraryCheckW Overrided nvapi64.dll call!
[01:33:08.252741] [I] StreamlineHooks::streamlineLogCallback [01-33-08][streamline][info][tid:1064][1s:991ms:384us]ota.cpp:406[getOTAPluginForFeature] OTA only enabled with NVIDIA GPUs in the system
[01:33:08.254557] [W] LibraryLoadHooks::LoadNvApi nvapi64.dll loaded from system!
[01:33:08.258651] [I] LibraryLoadHooks::LoadLibraryCheckW Overrided nvapi64.dll call!
[01:33:08.258697] [I] StreamlineHooks::streamlineLogCallback [01-33-08][streamline][info][tid:1064][1s:997ms:349us]ota.cpp:406[getOTAPluginForFeature] OTA only enabled with NVIDIA GPUs in the system
[01:33:08.260293] [W] LibraryLoadHooks::LoadNvApi nvapi64.dll loaded from system!
[01:33:08.264064] [I] StreamlineHooks::streamlineLogCallback [01-33-08][streamline][info][tid:1064][2s:002ms:722us]ota.cpp:406[getOTAPluginForFeature] OTA only enabled with NVIDIA GPUs in the system
[01:33:08.271939] [I] StreamlineHooks::streamlineLogCallback [01-33-08][streamline][info][tid:1064][2s:010ms:590us]commonInterface.cpp:148[getSystemCaps] Enumerating up to 8 adapters but only one of them can be used to create a device - no mGPU support in this SDK
[01:33:08.272044] [I] StreamlineHooks::streamlineLogCallback [01-33-08][streamline][info][tid:1064][2s:010ms:706us]commonEntry.cpp:1619[getOSVersionAndUpdateTimerResolution] Preferred high resolution timer resolution (5000) is unsupported, trying 10000 [100 ns units] instead.
[01:33:08.272065] [I] StreamlineHooks::streamlineLogCallback [01-33-08][streamline][info][tid:1064][2s:010ms:728us]commonEntry.cpp:1625[getOSVersionAndUpdateTimerResolution] Changed high resolution timer resolution to 10000 [100 ns units].
[01:33:08.272082] [I] StreamlineHooks::streamlineLogCallback [01-33-08][streamline][info][tid:1064][2s:010ms:746us]commonEntry.cpp:1700[updateEmbeddedJSON] Detected Windows OS version 10.0.19045
[01:33:08.272113] [I] StreamlineHooks::streamlineLogCallback [01-33-08][streamline][info][tid:1064][2s:010ms:777us]pluginManager.cpp:1001[mapPlugins] Loaded plugin 'sl.common' - version 2.7.1.3afe5cc2 - id 4294967295 - priority 0 - adapter mask 0x3 - interposer 'no'
[01:33:08.982378] [I] LibraryLoadHooks::LoadLibraryCheckW nvngx call: S:\steamapps\common\Cyberpunk 2077\bin\x64\nvngx.dll, returning this dll!
[01:33:08.982543] [I] StreamlineHooks::streamlineLogCallback [01-33-08][streamline][info][tid:1064][2s:721ms:159us]commonEntry.cpp:740[getNGXFeatureRequirements] NGX feature 1 requirements - minOS 10.0.0 minHW 0x0
[01:33:08.982584] [I] StreamlineHooks::streamlineLogCallback [01-33-08][streamline][info][tid:1064][2s:721ms:243us]commonEntry.cpp:1071[updateCommonEmbeddedJSONConfig] Registering required tag 'kBufferTypeDepth' life-cycle 'ResourceLifecycle::eValidUntilEvaluate' for feature `kFeatureDLSS`
[01:33:08.982615] [I] StreamlineHooks::streamlineLogCallback [01-33-08][streamline][info][tid:1064][2s:721ms:274us]commonEntry.cpp:1071[updateCommonEmbeddedJSONConfig] Registering required tag 'kBufferTypeMotionVectors' life-cycle 'ResourceLifecycle::eValidUntilEvaluate' for feature `kFeatureDLSS`
[01:33:08.982639] [I] StreamlineHooks::streamlineLogCallback [01-33-08][streamline][info][tid:1064][2s:721ms:299us]commonEntry.cpp:1071[updateCommonEmbeddedJSONConfig] Registering required tag 'kBufferTypeScalingInputColor' life-cycle 'ResourceLifecycle::eValidUntilEvaluate' for feature `kFeatureDLSS`
[01:33:08.982659] [I] StreamlineHooks::streamlineLogCallback [01-33-08][streamline][info][tid:1064][2s:721ms:320us]commonEntry.cpp:1071[updateCommonEmbeddedJSONConfig] Registering required tag 'kBufferTypeScalingOutputColor' life-cycle 'ResourceLifecycle::eValidUntilEvaluate' for feature `kFeatureDLSS`
[01:33:09.011508] [I] StreamlineHooks::streamlineLogCallback [01-33-09][streamline][info][tid:1064][2s:750ms:156us]pluginManager.cpp:1001[mapPlugins] Loaded plugin 'sl.dlss' - version 2.7.1.3afe5cc2 - id 0 - priority 100 - adapter mask 0x3 - interposer 'no'
[01:33:09.016440] [I] StreamlineHooks::streamlineLogCallback [01-33-09][streamline][info][tid:1064][2s:755ms:096us]pluginManager.cpp:1001[mapPlugins] Loaded plugin 'sl.dlss_d' - version 2.7.1.3afe5cc2 - id 1001 - priority 100 - adapter mask 0x0 - interposer 'no'
[01:33:09.022512] [W] StreamlineHooks::streamlineLogCallback [01-33-09][streamline][warn][tid:1064][2s:761ms:157us]dlss_gEntry.cpp:327[updateEmbeddedJSON] Disabling DLSS-G since it is not supported on current hardware
[01:33:09.022638] [I] StreamlineHooks::streamlineLogCallback [01-33-09][streamline][info][tid:1064][2s:761ms:297us]pluginManager.cpp:1001[mapPlugins] Loaded plugin 'sl.dlss_g' - version 2.7.1.3afe5cc2 - id 1000 - priority 1000 - adapter mask 0x0 - interposer 'no'
[01:33:09.030072] [I] StreamlineHooks::streamlineLogCallback [01-33-09][streamline][info][tid:1064][2s:768ms:729us]commonEntry.cpp:1071[updateCommonEmbeddedJSONConfig] Registering required tag 'kBufferTypeScalingInputColor' life-cycle 'ResourceLifecycle::eValidUntilEvaluate' for feature `kFeatureNIS`
[01:33:09.030100] [I] StreamlineHooks::streamlineLogCallback [01-33-09][streamline][info][tid:1064][2s:768ms:760us]commonEntry.cpp:1071[updateCommonEmbeddedJSONConfig] Registering required tag 'kBufferTypeScalingOutputColor' life-cycle 'ResourceLifecycle::eValidUntilEvaluate' for feature `kFeatureNIS`
[01:33:09.030121] [W] StreamlineHooks::streamlineLogCallback [01-33-09][streamline][warn][tid:1064][2s:768ms:781us]pluginManager.cpp:886[mapPlugins] Ignoring plugin 'sl.nis' since it is was not requested by the host
[01:33:09.034636] [I] StreamlineHooks::streamlineLogCallback [01-33-09][streamline][info][tid:1064][2s:773ms:294us]pluginManager.cpp:1001[mapPlugins] Loaded plugin 'sl.pcl' - version 2.7.1.3afe5cc2 - id 4 - priority 2 - adapter mask 0x3 - interposer 'no'
[01:33:09.040021] [I] StreamlineHooks::streamlineLogCallback [01-33-09][streamline][info][tid:1064][2s:778ms:672us]pluginManager.cpp:1001[mapPlugins] Loaded plugin 'sl.reflex' - version 2.7.1.3afe5cc2 - id 3 - priority 100 - adapter mask 0x3 - interposer 'no'
[01:33:09.040061] [I] StreamlineHooks::streamlineLogCallback [01-33-09][streamline][info][tid:1064][2s:778ms:722us]pluginManager.cpp:1240[loadPlugins] Plugin execution order based on priority:
[01:33:09.040102] [I] StreamlineHooks::streamlineLogCallback [01-33-09][streamline][info][tid:1064][2s:778ms:759us]pluginManager.cpp:1243[loadPlugins] P0 - sl.common
[01:33:09.040132] [I] StreamlineHooks::streamlineLogCallback [01-33-09][streamline][info][tid:1064][2s:778ms:793us]pluginManager.cpp:1243[loadPlugins] P2 - sl.pcl
[01:33:09.040148] [I] StreamlineHooks::streamlineLogCallback [01-33-09][streamline][info][tid:1064][2s:778ms:810us]pluginManager.cpp:1243[loadPlugins] P100 - sl.dlss
[01:33:09.040168] [I] StreamlineHooks::streamlineLogCallback [01-33-09][streamline][info][tid:1064][2s:778ms:825us]pluginManager.cpp:1243[loadPlugins] P100 - sl.dlss_d
[01:33:09.040192] [I] StreamlineHooks::streamlineLogCallback [01-33-09][streamline][info][tid:1064][2s:778ms:853us]pluginManager.cpp:1243[loadPlugins] P100 - sl.reflex
[01:33:09.040209] [I] StreamlineHooks::streamlineLogCallback [01-33-09][streamline][info][tid:1064][2s:778ms:871us]pluginManager.cpp:1243[loadPlugins] P1000 - sl.dlss_g
[01:33:09.040225] [I] StreamlineHooks::streamlineLogCallback [01-33-09][streamline][info][tid:1064][2s:778ms:887us]pluginManager.cpp:1254[unloadPlugins] Unloading all plugins ...
[01:33:09.041502] [I] StreamlineHooks::streamlineLogCallback [01-33-09][streamline][info][tid:1064][2s:780ms:157us]pluginManager.cpp:489[setHostSDKVersion] Streamline v2.7.1.3afe5cc2 - built on Fri Jan 10 15:26:57 2025 - host SDK v2.7.1
[01:33:09.041680] [I] LibraryLoadHooks::LoadLibraryCheckW Overrided nvapi64.dll call!
[01:33:09.041689] [W] StreamlineHooks::streamlineLogCallback [01-33-09][streamline][warn][tid:1064][2s:780ms:348us]file.h:96[open] File 'C:\ProgramData/NVIDIA/NGX/models/nvngx_config.txt' does not exist
[01:33:09.041720] [W] StreamlineHooks::streamlineLogCallback [01-33-09][streamline][warn][tid:1064][2s:780ms:380us]ota.cpp:255[readServerManifest] Failed to open manifest file at: C:\ProgramData/NVIDIA/NGX/models/nvngx_config.txt
[01:33:09.043227] [W] LibraryLoadHooks::LoadNvApi nvapi64.dll loaded from system!
[01:33:09.046625] [I] LibraryLoadHooks::LoadLibraryCheckW Overrided nvapi64.dll call!
[01:33:09.046659] [I] StreamlineHooks::streamlineLogCallback [01-33-09][streamline][info][tid:1064][2s:785ms:315us]ota.cpp:337[checkForOTA] OTA only enabled with NVIDIA GPUs in the system
[01:33:09.048055] [W] LibraryLoadHooks::LoadNvApi nvapi64.dll loaded from system!
[01:33:09.051569] [I] LibraryLoadHooks::LoadLibraryCheckW Overrided nvapi64.dll call!
[01:33:09.051608] [I] StreamlineHooks::streamlineLogCallback [01-33-09][streamline][info][tid:1064][2s:790ms:260us]ota.cpp:337[checkForOTA] OTA only enabled with NVIDIA GPUs in the system
[01:33:09.053123] [W] LibraryLoadHooks::LoadNvApi nvapi64.dll loaded from system!
[01:33:09.056890] [I] LibraryLoadHooks::LoadLibraryCheckW Overrided nvapi64.dll call!
[01:33:09.056928] [I] StreamlineHooks::streamlineLogCallback [01-33-09][streamline][info][tid:1064][2s:795ms:579us]ota.cpp:337[checkForOTA] OTA only enabled with NVIDIA GPUs in the system
[01:33:09.058716] [W] LibraryLoadHooks::LoadNvApi nvapi64.dll loaded from system!
[01:33:09.062338] [I] LibraryLoadHooks::LoadLibraryCheckW Overrided nvapi64.dll call!
[01:33:09.062363] [I] StreamlineHooks::streamlineLogCallback [01-33-09][streamline][info][tid:1064][2s:801ms:019us]ota.cpp:337[checkForOTA] OTA only enabled with NVIDIA GPUs in the system
[01:33:09.063837] [W] LibraryLoadHooks::LoadNvApi nvapi64.dll loaded from system!
[01:33:09.067495] [I] LibraryLoadHooks::LoadLibraryCheckW Overrided nvapi64.dll call!
[01:33:09.067518] [I] StreamlineHooks::streamlineLogCallback [01-33-09][streamline][info][tid:1064][2s:806ms:173us]ota.cpp:337[checkForOTA] OTA only enabled with NVIDIA GPUs in the system
[01:33:09.069004] [W] LibraryLoadHooks::LoadNvApi nvapi64.dll loaded from system!
[01:33:09.072650] [I] StreamlineHooks::streamlineLogCallback [01-33-09][streamline][info][tid:1064][2s:811ms:295us]ota.cpp:337[checkForOTA] OTA only enabled with NVIDIA GPUs in the system
[01:33:09.072720] [I] StreamlineHooks::streamlineLogCallback [01-33-09][streamline][info][tid:1064][2s:811ms:378us]pluginManager.cpp:618[findPlugins] Looking for plugins in S:\steamapps\common\Cyberpunk 2077\bin\x64\ ...
[01:33:09.073007] [I] LibraryLoadHooks::LoadLibraryCheckW Overrided nvapi64.dll call!
[01:33:09.073023] [I] StreamlineHooks::streamlineLogCallback [01-33-09][streamline][info][tid:1064][2s:811ms:679us]pluginManager.cpp:1086[loadPlugins] Searching for OTA'd plugins...
[01:33:09.074627] [W] LibraryLoadHooks::LoadNvApi nvapi64.dll loaded from system!
[01:33:09.078104] [I] LibraryLoadHooks::LoadLibraryCheckW Overrided nvapi64.dll call!
[01:33:09.078126] [I] StreamlineHooks::streamlineLogCallback [01-33-09][streamline][info][tid:1064][2s:816ms:781us]ota.cpp:406[getOTAPluginForFeature] OTA only enabled with NVIDIA GPUs in the system
[01:33:09.079749] [W] LibraryLoadHooks::LoadNvApi nvapi64.dll loaded from system!
[01:33:09.083466] [I] LibraryLoadHooks::LoadLibraryCheckW Overrided nvapi64.dll call!
[01:33:09.083490] [I] StreamlineHooks::streamlineLogCallback [01-33-09][streamline][info][tid:1064][2s:822ms:145us]ota.cpp:406[getOTAPluginForFeature] OTA only enabled with NVIDIA GPUs in the system
[01:33:09.085105] [W] LibraryLoadHooks::LoadNvApi nvapi64.dll loaded from system!
[01:33:09.089222] [I] LibraryLoadHooks::LoadLibraryCheckW Overrided nvapi64.dll call!
[01:33:09.089264] [I] StreamlineHooks::streamlineLogCallback [01-33-09][streamline][info][tid:1064][2s:827ms:914us]ota.cpp:406[getOTAPluginForFeature] OTA only enabled with NVIDIA GPUs in the system
[01:33:09.091038] [W] LibraryLoadHooks::LoadNvApi nvapi64.dll loaded from system!
[01:33:09.094801] [I] LibraryLoadHooks::LoadLibraryCheckW Overrided nvapi64.dll call!
[01:33:09.094823] [I] StreamlineHooks::streamlineLogCallback [01-33-09][streamline][info][tid:1064][2s:833ms:479us]ota.cpp:406[getOTAPluginForFeature] OTA only enabled with NVIDIA GPUs in the system
[01:33:09.096271] [W] LibraryLoadHooks::LoadNvApi nvapi64.dll loaded from system!
[01:33:09.099649] [I] LibraryLoadHooks::LoadLibraryCheckW Overrided nvapi64.dll call!
[01:33:09.099669] [I] StreamlineHooks::streamlineLogCallback [01-33-09][streamline][info][tid:1064][2s:838ms:325us]ota.cpp:406[getOTAPluginForFeature] OTA only enabled with NVIDIA GPUs in the system
[01:33:09.101034] [W] LibraryLoadHooks::LoadNvApi nvapi64.dll loaded from system!
[01:33:09.104474] [I] StreamlineHooks::streamlineLogCallback [01-33-09][streamline][info][tid:1064][2s:843ms:130us]ota.cpp:406[getOTAPluginForFeature] OTA only enabled with NVIDIA GPUs in the system
[01:33:09.112407] [I] StreamlineHooks::streamlineLogCallback [01-33-09][streamline][info][tid:1064][2s:851ms:056us]commonInterface.cpp:148[getSystemCaps] Enumerating up to 8 adapters but only one of them can be used to create a device - no mGPU support in this SDK
[01:33:09.112500] [I] StreamlineHooks::streamlineLogCallback [01-33-09][streamline][info][tid:1064][2s:851ms:159us]commonEntry.cpp:1619[getOSVersionAndUpdateTimerResolution] Preferred high resolution timer resolution (5000) is unsupported, trying 10000 [100 ns units] instead.
[01:33:09.112525] [I] StreamlineHooks::streamlineLogCallback [01-33-09][streamline][info][tid:1064][2s:851ms:184us]commonEntry.cpp:1625[getOSVersionAndUpdateTimerResolution] Changed high resolution timer resolution to 10000 [100 ns units].
[01:33:09.112547] [I] StreamlineHooks::streamlineLogCallback [01-33-09][streamline][info][tid:1064][2s:851ms:207us]commonEntry.cpp:1700[updateEmbeddedJSON] Detected Windows OS version 10.0.19045
[01:33:09.112567] [I] StreamlineHooks::streamlineLogCallback [01-33-09][streamline][info][tid:1064][2s:851ms:228us]pluginManager.cpp:1001[mapPlugins] Loaded plugin 'sl.common' - version 2.7.1.3afe5cc2 - id 4294967295 - priority 0 - adapter mask 0x3 - interposer 'no'
[01:33:09.248574] [I] LibraryLoadHooks::LoadLibraryCheckW nvngx call: S:\steamapps\common\Cyberpunk 2077\bin\x64\nvngx.dll, returning this dll!
[01:33:09.248730] [I] StreamlineHooks::streamlineLogCallback [01-33-09][streamline][info][tid:1064][2s:987ms:378us]commonEntry.cpp:740[getNGXFeatureRequirements] NGX feature 1 requirements - minOS 10.0.0 minHW 0x0
[01:33:09.248769] [I] StreamlineHooks::streamlineLogCallback [01-33-09][streamline][info][tid:1064][2s:987ms:427us]commonEntry.cpp:1071[updateCommonEmbeddedJSONConfig] Registering required tag 'kBufferTypeDepth' life-cycle 'ResourceLifecycle::eValidUntilEvaluate' for feature `kFeatureDLSS`
[01:33:09.248794] [I] StreamlineHooks::streamlineLogCallback [01-33-09][streamline][info][tid:1064][2s:987ms:452us]commonEntry.cpp:1071[updateCommonEmbeddedJSONConfig] Registering required tag 'kBufferTypeMotionVectors' life-cycle 'ResourceLifecycle::eValidUntilEvaluate' for feature `kFeatureDLSS`
[01:33:09.248821] [I] StreamlineHooks::streamlineLogCallback [01-33-09][streamline][info][tid:1064][2s:987ms:480us]commonEntry.cpp:1071[updateCommonEmbeddedJSONConfig] Registering required tag 'kBufferTypeScalingInputColor' life-cycle 'ResourceLifecycle::eValidUntilEvaluate' for feature `kFeatureDLSS`
[01:33:09.248844] [I] StreamlineHooks::streamlineLogCallback [01-33-09][streamline][info][tid:1064][2s:987ms:503us]commonEntry.cpp:1071[updateCommonEmbeddedJSONConfig] Registering required tag 'kBufferTypeScalingOutputColor' life-cycle 'ResourceLifecycle::eValidUntilEvaluate' for feature `kFeatureDLSS`
[01:33:09.277490] [I] StreamlineHooks::streamlineLogCallback [01-33-09][streamline][info][tid:1064][3s:016ms:139us]pluginManager.cpp:1001[mapPlugins] Loaded plugin 'sl.dlss' - version 2.7.1.3afe5cc2 - id 0 - priority 100 - adapter mask 0x3 - interposer 'no'
[01:33:09.282945] [I] StreamlineHooks::streamlineLogCallback [01-33-09][streamline][info][tid:1064][3s:021ms:597us]pluginManager.cpp:1001[mapPlugins] Loaded plugin 'sl.dlss_d' - version 2.7.1.3afe5cc2 - id 1001 - priority 100 - adapter mask 0x0 - interposer 'no'
[01:33:09.289221] [W] StreamlineHooks::streamlineLogCallback [01-33-09][streamline][warn][tid:1064][3s:027ms:866us]dlss_gEntry.cpp:327[updateEmbeddedJSON] Disabling DLSS-G since it is not supported on current hardware
[01:33:09.289350] [W] StreamlineHooks::streamlineLogCallback [01-33-09][streamline][warn][tid:1064][3s:028ms:008us]pluginManager.cpp:886[mapPlugins] Ignoring plugin 'sl.dlss_g' since it is was not requested by the host
[01:33:09.297356] [I] StreamlineHooks::streamlineLogCallback [01-33-09][streamline][info][tid:1064][3s:035ms:998us]commonEntry.cpp:1071[updateCommonEmbeddedJSONConfig] Registering required tag 'kBufferTypeScalingInputColor' life-cycle 'ResourceLifecycle::eValidUntilEvaluate' for feature `kFeatureNIS`
[01:33:09.297416] [I] StreamlineHooks::streamlineLogCallback [01-33-09][streamline][info][tid:1064][3s:036ms:073us]commonEntry.cpp:1071[updateCommonEmbeddedJSONConfig] Registering required tag 'kBufferTypeScalingOutputColor' life-cycle 'ResourceLifecycle::eValidUntilEvaluate' for feature `kFeatureNIS`
[01:33:09.297442] [W] StreamlineHooks::streamlineLogCallback [01-33-09][streamline][warn][tid:1064][3s:036ms:100us]pluginManager.cpp:886[mapPlugins] Ignoring plugin 'sl.nis' since it is was not requested by the host
[01:33:09.302049] [E] StreamlineHooks::unhookPcl Failed to unhook PCL: 57
[01:33:09.302194] [I] StreamlineHooks::streamlineLogCallback [01-33-09][streamline][info][tid:1064][3s:040ms:851us]pluginManager.cpp:1001[mapPlugins] Loaded plugin 'sl.pcl' - version 2.7.1.3afe5cc2 - id 4 - priority 2 - adapter mask 0x3 - interposer 'no'
[01:33:09.307294] [E] StreamlineHooks::unhookReflex Failed to unhook Reflex: 57
[01:33:09.307576] [I] StreamlineHooks::streamlineLogCallback [01-33-09][streamline][info][tid:1064][3s:046ms:227us]pluginManager.cpp:1001[mapPlugins] Loaded plugin 'sl.reflex' - version 2.7.1.3afe5cc2 - id 3 - priority 100 - adapter mask 0x3 - interposer 'no'
[01:33:09.307606] [I] StreamlineHooks::streamlineLogCallback [01-33-09][streamline][info][tid:1064][3s:046ms:266us]pluginManager.cpp:1240[loadPlugins] Plugin execution order based on priority:
[01:33:09.307624] [I] StreamlineHooks::streamlineLogCallback [01-33-09][streamline][info][tid:1064][3s:046ms:284us]pluginManager.cpp:1243[loadPlugins] P0 - sl.common
[01:33:09.307639] [I] StreamlineHooks::streamlineLogCallback [01-33-09][streamline][info][tid:1064][3s:046ms:300us]pluginManager.cpp:1243[loadPlugins] P2 - sl.pcl
[01:33:09.307653] [I] StreamlineHooks::streamlineLogCallback [01-33-09][streamline][info][tid:1064][3s:046ms:314us]pluginManager.cpp:1243[loadPlugins] P100 - sl.dlss
[01:33:09.307668] [I] StreamlineHooks::streamlineLogCallback [01-33-09][streamline][info][tid:1064][3s:046ms:329us]pluginManager.cpp:1243[loadPlugins] P100 - sl.dlss_d
[01:33:09.307682] [I] StreamlineHooks::streamlineLogCallback [01-33-09][streamline][info][tid:1064][3s:046ms:343us]pluginManager.cpp:1243[loadPlugins] P100 - sl.reflex
[01:33:09.321535] [I] LibraryLoadHooks::LoadLibraryCheckW Overrided nvapi64.dll call!
[01:33:09.323656] [W] LibraryLoadHooks::LoadNvApi nvapi64.dll loaded from system!
[01:33:09.327330] [I] StreamlineHooks::streamlineLogCallback [01-33-09][streamline][info][tid:1064][3s:065ms:975us]dxgi.cpp:306[CreateDXGIFactoryInternal] Using DXGI proxy interface
[01:33:09.327357] [I] hkD3D12CreateDevice Adapter Desc: AMD Radeon RX 9060 XT
[01:33:09.327385] [E] hkD3D12CreateDevice ppDevice is nullptr
[01:33:09.327378] [I] StreamlineHooks::streamlineLogCallback [01-33-09][streamline][info][tid:1064][3s:066ms:036us]dxgiFactory.cpp:171[checkAndUpgradeInterface] Upgraded IDXGIFactory v0 to v2
[01:33:09.327423] [I] StreamlineHooks::streamlineLogCallback [01-33-09][streamline][info][tid:1064][3s:066ms:082us]dxgiFactory.cpp:171[checkAndUpgradeInterface] Upgraded IDXGIFactory v2 to v5
[01:33:09.327445] [I] StreamlineHooks::streamlineLogCallback [01-33-09][streamline][info][tid:1064][3s:066ms:105us]dxgiFactory.cpp:171[checkAndUpgradeInterface] Upgraded IDXGIFactory v5 to v6
[01:33:09.429574] [I] VulkanSpoofing::hkvkCreateInstance Skipping because DXVK/VKD3D is creating a D3D device
[01:33:09.592322] [I] VulkanSpoofing::hkvkCreateDevice Skipping because DXVK/VKD3D is creating a D3D device
[01:33:09.711324] [I] hkD3D12CreateDevice Adapter Desc: AMD Radeon Graphics (RADV RENOIR)
[01:33:09.711366] [E] hkD3D12CreateDevice ppDevice is nullptr
[01:33:09.737276] [I] VulkanSpoofing::hkvkCreateInstance Skipping because DXVK/VKD3D is creating a D3D device
[01:33:09.879599] [I] VulkanSpoofing::hkvkCreateDevice Skipping because DXVK/VKD3D is creating a D3D device
[01:33:09.996270] [I] VulkanSpoofing::hkvkCreateInstance Adding FFX Vulkan extensions
[01:33:09.996305] [I] VulkanSpoofing::hkvkCreateInstance Adding Vulkan w/Dx12 extensions
[01:33:10.175012] [I] LibraryLoadHooks::LoadLibraryCheckW dxgi.dll call, returning this dll!
[01:33:10.177917] [I] LibraryLoadHooks::LoadLibraryCheckW dxgi.dll call, returning this dll!
[01:33:10.180156] [I] hkD3D12CreateDevice Adapter Desc: AMD Radeon RX 9060 XT
[01:33:10.205957] [I] VulkanSpoofing::hkvkCreateInstance Skipping because DXVK/VKD3D is creating a D3D device
[01:33:10.350742] [I] VulkanSpoofing::hkvkCreateDevice Skipping because DXVK/VKD3D is creating a D3D device
[01:33:10.366780] [I] StreamlineHooks::streamlineLogCallback [01-33-10][streamline][info][tid:1064][4s:105ms:421us]sl.cpp:733[operator ()] Upgrading ID3D12Device to use SL proxy ...
[01:33:10.366851] [I] StreamlineHooks::streamlineLogCallback [01-33-10][streamline][info][tid:1064][4s:105ms:505us]d3d12Device.cpp:341[checkAndUpgradeInterface] Upgraded ID3D12Device v0 to v10
[01:33:10.383913] [I] StreamlineHooks::streamlineLogCallback [01-33-10][streamline][info][tid:1064][4s:122ms:556us]pluginManager.cpp:1435[initializePlugins] Initializing plugins - api 0.0.1 - application ID 100152211
[01:33:10.384003] [I] StreamlineHooks::streamlineLogCallback [01-33-10][streamline][info][tid:1064][4s:122ms:658us]d3d12.cpp:1201[createKernel] Creating DXBC kernel copy_to_buffer.cs:main hash 12564409127886710297
[01:33:10.384028] [I] StreamlineHooks::streamlineLogCallback [01-33-10][streamline][info][tid:1064][4s:122ms:684us]commonEntry.cpp:1190[slOnPluginStartup] At least one plugin requires NGX, trying to initialize ...
[01:33:10.384086] [I] NVSDK_NGX_D3D12_Init_Ext AppId: 100152211
[01:33:10.384103] [I] NVSDK_NGX_D3D12_Init_Ext SDK: 15
[01:33:10.384113] [I] NVSDK_NGX_D3D12_Init_Ext InApplicationDataPath C:\users\steamuser\AppData\Local\Temp\
[01:33:10.384844] [I] StreamlineHooks::streamlineLogCallback [01-33-10][streamline][info][tid:1064][4s:123ms:499us]commonEntry.cpp:1316[slOnPluginStartup] NGX loaded - app id 100152211 - application data path C:\users\steamuser\AppData\Local\Temp\
[01:33:10.384865] [I] StreamlineHooks::streamlineLogCallback [01-33-10][streamline][info][tid:1064][4s:123ms:521us]pluginManager.cpp:1542[mapPluginCallbacks] Callback sl.common:slSetData:0x0
[01:33:10.384889] [I] StreamlineHooks::streamlineLogCallback [01-33-10][streamline][info][tid:1064][4s:123ms:546us]pluginManager.cpp:1543[mapPluginCallbacks] Callback sl.common:slGetData:0x0
[01:33:10.384908] [I] StreamlineHooks::streamlineLogCallback [01-33-10][streamline][info][tid:1064][4s:123ms:565us]pluginManager.cpp:1544[mapPluginCallbacks] Callback sl.common:slAllocateResources:0x0
[01:33:10.384925] [I] StreamlineHooks::streamlineLogCallback [01-33-10][streamline][info][tid:1064][4s:123ms:582us]pluginManager.cpp:1545[mapPluginCallbacks] Callback sl.common:slFreeResources:0x0
[01:33:10.384941] [I] StreamlineHooks::streamlineLogCallback [01-33-10][streamline][info][tid:1064][4s:123ms:598us]pluginManager.cpp:1546[mapPluginCallbacks] Callback sl.common:slEvaluateFeature:0x6fffdf57f690
[01:33:10.384957] [I] StreamlineHooks::streamlineLogCallback [01-33-10][streamline][info][tid:1064][4s:123ms:614us]pluginManager.cpp:1547[mapPluginCallbacks] Callback sl.common:slSetTag:0x6fffdf57e620
[01:33:10.384972] [I] StreamlineHooks::streamlineLogCallback [01-33-10][streamline][info][tid:1064][4s:123ms:630us]pluginManager.cpp:1548[mapPluginCallbacks] Callback sl.common:slSetConsts:0x6fffdf57f440
[01:33:10.384989] [I] StreamlineHooks::streamlineLogCallback [01-33-10][streamline][info][tid:1064][4s:123ms:647us]pluginManager.cpp:1319[processPluginHooks] Hook sl.common:slHookVkPresent:before - skipped
[01:33:10.385005] [I] StreamlineHooks::streamlineLogCallback [01-33-10][streamline][info][tid:1064][4s:123ms:663us]pluginManager.cpp:1319[processPluginHooks] Hook sl.common:slHookVkAfterPresent:after - skipped
[01:33:10.385022] [I] StreamlineHooks::streamlineLogCallback [01-33-10][streamline][info][tid:1064][4s:123ms:679us]pluginManager.cpp:1319[processPluginHooks] Hook sl.common:slHookVkCmdBindPipeline:after - skipped
[01:33:10.385038] [I] StreamlineHooks::streamlineLogCallback [01-33-10][streamline][info][tid:1064][4s:123ms:695us]pluginManager.cpp:1319[processPluginHooks] Hook sl.common:slHookVkCmdBindDescriptorSets:after - skipped
[01:33:10.385054] [I] StreamlineHooks::streamlineLogCallback [01-33-10][streamline][info][tid:1064][4s:123ms:712us]pluginManager.cpp:1319[processPluginHooks] Hook sl.common:slHookVkBeginCommandBuffer:after - skipped
[01:33:10.385070] [I] StreamlineHooks::streamlineLogCallback [01-33-10][streamline][info][tid:1064][4s:123ms:727us]pluginManager.cpp:1343[processPluginHooks] Hook sl.common:slHookResizeSwapChainPre:before - OK
[01:33:10.385086] [I] StreamlineHooks::streamlineLogCallback [01-33-10][streamline][info][tid:1064][4s:123ms:744us]pluginManager.cpp:1343[processPluginHooks] Hook sl.common:slHookPresent:before - OK
[01:33:10.385102] [I] StreamlineHooks::streamlineLogCallback [01-33-10][streamline][info][tid:1064][4s:123ms:760us]pluginManager.cpp:1343[processPluginHooks] Hook sl.common:slHookAfterPresent:after - OK
[01:33:10.385117] [I] StreamlineHooks::streamlineLogCallback [01-33-10][streamline][info][tid:1064][4s:123ms:775us]pluginManager.cpp:1343[processPluginHooks] Hook sl.common:slHookPresent1:before - OK
[01:33:10.385140] [I] StreamlineHooks::streamlineLogCallback [01-33-10][streamline][info][tid:1064][4s:123ms:798us]pluginManager.cpp:1542[mapPluginCallbacks] Callback sl.pcl:slSetData:0x6fffdf468a30
[01:33:10.385157] [I] StreamlineHooks::streamlineLogCallback [01-33-10][streamline][info][tid:1064][4s:123ms:814us]pluginManager.cpp:1543[mapPluginCallbacks] Callback sl.pcl:slGetData:0x6fffdf468a40
[01:33:10.385173] [I] StreamlineHooks::streamlineLogCallback [01-33-10][streamline][info][tid:1064][4s:123ms:831us]pluginManager.cpp:1544[mapPluginCallbacks] Callback sl.pcl:slAllocateResources:0x0
[01:33:10.385188] [I] StreamlineHooks::streamlineLogCallback [01-33-10][streamline][info][tid:1064][4s:123ms:846us]pluginManager.cpp:1545[mapPluginCallbacks] Callback sl.pcl:slFreeResources:0x0
[01:33:10.385204] [I] StreamlineHooks::streamlineLogCallback [01-33-10][streamline][info][tid:1064][4s:123ms:861us]pluginManager.cpp:1546[mapPluginCallbacks] Callback sl.pcl:slEvaluateFeature:0x0
[01:33:10.385223] [I] StreamlineHooks::streamlineLogCallback [01-33-10][streamline][info][tid:1064][4s:123ms:881us]pluginManager.cpp:1547[mapPluginCallbacks] Callback sl.pcl:slSetTag:0x0
[01:33:10.385241] [I] StreamlineHooks::streamlineLogCallback [01-33-10][streamline][info][tid:1064][4s:123ms:898us]pluginManager.cpp:1548[mapPluginCallbacks] Callback sl.pcl:slSetConsts:0x0
[01:33:10.385257] [I] StreamlineHooks::streamlineLogCallback [01-33-10][streamline][info][tid:1064][4s:123ms:914us]pluginManager.cpp:1304[processPluginHooks] Plugin 'sl.pcl' has no registered hooks
[01:33:10.385272] [I] StreamlineHooks::streamlineLogCallback [01-33-10][streamline][info][tid:1064][4s:123ms:929us]d3d12.cpp:1201[createKernel] Creating DXBC kernel mvec.cs:main hash 16878813813918631183
[01:33:10.515416] [I] LibraryLoadHooks::LoadLibraryCheckW nvngx call: S:\steamapps\common\Cyberpunk 2077\bin\x64\nvngx.dll, returning this dll!
[01:33:10.515484] [I] NVSDK_NGX_UpdateFeature Update ApplicationId: 5F83393
[01:33:10.515583] [I] StreamlineHooks::streamlineLogCallback [01-33-10][streamline][info][tid:1064][4s:254ms:228us]pluginManager.cpp:1542[mapPluginCallbacks] Callback sl.dlss:slSetData:0x6fffdf4fa4b0
[01:33:10.515621] [I] StreamlineHooks::streamlineLogCallback [01-33-10][streamline][info][tid:1064][4s:254ms:276us]pluginManager.cpp:1543[mapPluginCallbacks] Callback sl.dlss:slGetData:0x6fffdf4fe7a0
[01:33:10.515645] [I] StreamlineHooks::streamlineLogCallback [01-33-10][streamline][info][tid:1064][4s:254ms:300us]pluginManager.cpp:1544[mapPluginCallbacks] Callback sl.dlss:slAllocateResources:0x6fffdf4fee20
[01:33:10.515669] [I] StreamlineHooks::streamlineLogCallback [01-33-10][streamline][info][tid:1064][4s:254ms:325us]pluginManager.cpp:1545[mapPluginCallbacks] Callback sl.dlss:slFreeResources:0x6fffdf4feec0
[01:33:10.515690] [I] StreamlineHooks::streamlineLogCallback [01-33-10][streamline][info][tid:1064][4s:254ms:346us]pluginManager.cpp:1546[mapPluginCallbacks] Callback sl.dlss:slEvaluateFeature:0x0
[01:33:10.515710] [I] StreamlineHooks::streamlineLogCallback [01-33-10][streamline][info][tid:1064][4s:254ms:366us]pluginManager.cpp:1547[mapPluginCallbacks] Callback sl.dlss:slSetTag:0x0
[01:33:10.515730] [I] StreamlineHooks::streamlineLogCallback [01-33-10][streamline][info][tid:1064][4s:254ms:386us]pluginManager.cpp:1548[mapPluginCallbacks] Callback sl.dlss:slSetConsts:0x0
[01:33:10.515750] [I] StreamlineHooks::streamlineLogCallback [01-33-10][streamline][info][tid:1064][4s:254ms:406us]pluginManager.cpp:1304[processPluginHooks] Plugin 'sl.dlss' has no registered hooks
[01:33:10.515770] [E] StreamlineHooks::streamlineLogCallback [01-33-10][streamline][error][tid:1064][4s:254ms:426us]dlss_dEntry.cpp:1243[slOnPluginStartup] NGX indicates DLSSDContext is not available - DLSSDContext cannot run
[01:33:10.515791] [I] StreamlineHooks::streamlineLogCallback [01-33-10][streamline][info][tid:1064][4s:254ms:447us]pluginManager.cpp:1542[mapPluginCallbacks] Callback sl.reflex:slSetData:0x6fffdf418d60
[01:33:10.515811] [I] StreamlineHooks::streamlineLogCallback [01-33-10][streamline][info][tid:1064][4s:254ms:467us]pluginManager.cpp:1543[mapPluginCallbacks] Callback sl.reflex:slGetData:0x6fffdf419650
[01:33:10.515831] [I] StreamlineHooks::streamlineLogCallback [01-33-10][streamline][info][tid:1064][4s:254ms:488us]pluginManager.cpp:1544[mapPluginCallbacks] Callback sl.reflex:slAllocateResources:0x0
[01:33:10.515851] [I] StreamlineHooks::streamlineLogCallback [01-33-10][streamline][info][tid:1064][4s:254ms:507us]pluginManager.cpp:1545[mapPluginCallbacks] Callback sl.reflex:slFreeResources:0x0
[01:33:10.515871] [I] StreamlineHooks::streamlineLogCallback [01-33-10][streamline][info][tid:1064][4s:254ms:526us]pluginManager.cpp:1546[mapPluginCallbacks] Callback sl.reflex:slEvaluateFeature:0x0
[01:33:10.515889] [I] StreamlineHooks::streamlineLogCallback [01-33-10][streamline][info][tid:1064][4s:254ms:546us]pluginManager.cpp:1547[mapPluginCallbacks] Callback sl.reflex:slSetTag:0x0
[01:33:10.515910] [I] StreamlineHooks::streamlineLogCallback [01-33-10][streamline][info][tid:1064][4s:254ms:565us]pluginManager.cpp:1548[mapPluginCallbacks] Callback sl.reflex:slSetConsts:0x0
[01:33:10.515937] [I] StreamlineHooks::streamlineLogCallback [01-33-10][streamline][info][tid:1064][4s:254ms:593us]pluginManager.cpp:1304[processPluginHooks] Plugin 'sl.reflex' has no registered hooks
[01:33:10.515961] [I] StreamlineHooks::streamlineLogCallback [01-33-10][streamline][info][tid:1064][4s:254ms:616us]pluginManager.cpp:579[setFeatureEnabled] Feature 'kFeatureDLSS' unloaded
[01:33:10.515980] [I] StreamlineHooks::streamlineLogCallback [01-33-10][streamline][info][tid:1064][4s:254ms:637us]pluginManager.cpp:579[setFeatureEnabled] Feature 'kFeatureReflex' unloaded
[01:33:10.516012] [I] StreamlineHooks::streamlineLogCallback [01-33-10][streamline][info][tid:1064][4s:254ms:667us]pluginManager.cpp:579[setFeatureEnabled] Feature 'kFeatureDLSS' loaded
[01:33:10.516033] [I] StreamlineHooks::streamlineLogCallback [01-33-10][streamline][info][tid:1064][4s:254ms:689us]pluginManager.cpp:579[setFeatureEnabled] Feature 'kFeatureReflex' loaded
[01:33:10.516667] [I] LibraryLoadHooks::LoadLibraryCheckW Overrided nvapi64.dll call!
[01:33:10.518101] [W] LibraryLoadHooks::LoadNvApi nvapi64.dll loaded from system!
[01:33:10.521940] [I] LibraryLoadHooks::LoadLibraryCheckW Overrided nvapi64.dll call!
[01:33:10.521985] [E] StreamlineHooks::streamlineLogCallback [01-33-10][streamline][error][tid:1064][4s:260ms:628us]generic.cpp:1134[getSleepStatus] NvAPI_D3D_GetSleepStatus((IUnknown*)m_typelessDevice, &params) failed error -6
[01:33:10.523397] [W] LibraryLoadHooks::LoadNvApi nvapi64.dll loaded from system!
[01:33:10.526786] [E] StreamlineHooks::streamlineLogCallback [01-33-10][streamline][error][tid:1064][4s:265ms:436us]generic.cpp:1142[getLatencyReport] NvAPI_D3D_GetLatency((IUnknown*)m_typelessDevice, &params) failed error -6
[01:33:10.527166] [I] CheckForGPU Adapter: AMD Radeon RX 9060 XT, VRAM: 16128 MB
[01:33:10.527186] [I] CheckForGPU Adapter: AMD Radeon Graphics (RADV RENOIR), VRAM: 512 MB
[01:33:10.527203] [I] CheckForGPU RDNA4: true, RDNA3: false, Fsr4Update: true
[01:33:10.527214] [I] hkAmdExtD3DCreateInterface IAmdExtFfxApi queried, returning custom AmdExtFfxApi
[01:33:10.545841] [I] Util::LoadProxyLibrary amdxcffx64.dll loaded from system path
[01:33:10.545882] [I] AmdExtFfxApi::UpdateFfxApiProvider amdxcffx64 loaded from game folder
[01:33:10.637110] [I] UpdateFfxApiProviderEx for: Upscaling, result: 0X0
[01:33:10.637169] [I] hkAmdExtD3DCreateInterface IAmdExtD3DFactory queried, returning custom AmdExtD3DFactory
[01:33:10.637187] [I] AmdExtD3DFactory::CreateInterface Custom IAmdExtD3DDevice8 queried, returning custom AmdExtD3DDevice8
[01:33:10.637194] [I] AmdExtD3DFactory::CreateInterface Custom IAmdExtD3DShaderIntrinsics queried, returning custom AmdExtD3DShaderIntrinsics
[01:33:10.637342] [I] hkAmdExtD3DCreateInterface IAmdExtD3DFactory queried, returning custom AmdExtD3DFactory
[01:33:10.637352] [I] AmdExtD3DFactory::CreateInterface Custom IAmdExtD3DDevice8 queried, returning custom AmdExtD3DDevice8
[01:33:10.637358] [I] AmdExtD3DFactory::CreateInterface Custom IAmdExtD3DShaderIntrinsics queried, returning custom AmdExtD3DShaderIntrinsics
[01:33:10.637374] [I] hkAmdExtD3DCreateInterface IAmdExtFfxApi queried, returning custom AmdExtFfxApi
[01:33:10.637386] [I] UpdateFfxApiProviderEx for: Upscaling, result: 0X0
[01:33:10.637392] [I] hkAmdExtD3DCreateInterface IAmdExtD3DFactory queried, returning custom AmdExtD3DFactory
[01:33:10.637398] [I] AmdExtD3DFactory::CreateInterface Custom IAmdExtD3DDevice8 queried, returning custom AmdExtD3DDevice8
[01:33:10.637403] [I] AmdExtD3DFactory::CreateInterface Custom IAmdExtD3DShaderIntrinsics queried, returning custom AmdExtD3DShaderIntrinsics
[01:33:10.637409] [I] hkAmdExtD3DCreateInterface IAmdExtD3DFactory queried, returning custom AmdExtD3DFactory
[01:33:10.637415] [I] AmdExtD3DFactory::CreateInterface Custom IAmdExtD3DDevice8 queried, returning custom AmdExtD3DDevice8
[01:33:10.637420] [I] AmdExtD3DFactory::CreateInterface Custom IAmdExtD3DShaderIntrinsics queried, returning custom AmdExtD3DShaderIntrinsics
[01:33:10.638121] [I] XeSSProxy::Version XeSS Version: v2.0.1
[01:33:10.642046] [I] StreamlineHooks::streamlineLogCallback [01-33-10][streamline][info][tid:1064][4s:380ms:691us]dxgi.cpp:306[CreateDXGIFactoryInternal] Using DXGI proxy interface
[01:33:10.642091] [I] StreamlineHooks::streamlineLogCallback [01-33-10][streamline][info][tid:1064][4s:380ms:746us]dxgiFactory.cpp:221[Release] Destroyed DXGIFactory proxy 0x52fd060 - native factory 0xe97a10 ref count 1
[01:33:10.642112] [I] StreamlineHooks::streamlineLogCallback [01-33-10][streamline][info][tid:1064][4s:380ms:768us]dxgi.cpp:306[CreateDXGIFactoryInternal] Using DXGI proxy interface
[01:33:10.643112] [I] StreamlineHooks::streamlineLogCallback [01-33-10][streamline][info][tid:1064][4s:381ms:759us]dxgiFactory.cpp:221[Release] Destroyed DXGIFactory proxy 0x52f47a0 - native factory 0xe97b30 ref count 1
[01:33:10.643154] [I] StreamlineHooks::streamlineLogCallback [01-33-10][streamline][info][tid:1064][4s:381ms:808us]dxgi.cpp:306[CreateDXGIFactoryInternal] Using DXGI proxy interface
[01:33:10.644143] [I] StreamlineHooks::streamlineLogCallback [01-33-10][streamline][info][tid:1064][4s:382ms:795us]dxgiFactory.cpp:221[Release] Destroyed DXGIFactory proxy 0x52f65e0 - native factory 0xe97c50 ref count 1
[01:33:10.644205] [I] StreamlineHooks::streamlineLogCallback [01-33-10][streamline][info][tid:1064][4s:382ms:860us]dxgi.cpp:306[CreateDXGIFactoryInternal] Using DXGI proxy interface
[01:33:10.644226] [I] StreamlineHooks::streamlineLogCallback [01-33-10][streamline][info][tid:1064][4s:382ms:882us]dxgiFactory.cpp:221[Release] Destroyed DXGIFactory proxy 0x52f41b0 - native factory 0xe97d70 ref count 1
[01:33:10.644280] [I] StreamlineHooks::streamlineLogCallback [01-33-10][streamline][info][tid:1064][4s:382ms:935us]dxgi.cpp:306[CreateDXGIFactoryInternal] Using DXGI proxy interface
[01:33:10.644305] [I] StreamlineHooks::streamlineLogCallback [01-33-10][streamline][info][tid:1064][4s:382ms:960us]dxgiFactory.cpp:221[Release] Destroyed DXGIFactory proxy 0x4de3890 - native factory 0xe97e90 ref count 1
[01:33:11.200210] [I] StreamlineHooks::streamlineLogCallback [01-33-11][streamline][info][tid:1064][4s:938ms:848us]dxgi.cpp:306[CreateDXGIFactoryInternal] Using DXGI proxy interface
[01:33:11.201067] [I] StreamlineHooks::streamlineLogCallback [01-33-11][streamline][info][tid:1064][4s:939ms:718us]dxgiFactory.cpp:221[Release] Destroyed DXGIFactory proxy 0x53ccf00 - native factory 0xe97fb0 ref count 1
[01:33:11.201162] [I] StreamlineHooks::streamlineLogCallback [01-33-11][streamline][info][tid:1064][4s:939ms:814us]dxgi.cpp:306[CreateDXGIFactoryInternal] Using DXGI proxy interface
[01:33:11.202068] [I] StreamlineHooks::streamlineLogCallback [01-33-11][streamline][info][tid:1064][4s:940ms:721us]dxgiFactory.cpp:221[Release] Destroyed DXGIFactory proxy 0x53cd4f0 - native factory 0xe980d0 ref count 1
[01:33:11.202123] [I] StreamlineHooks::streamlineLogCallback [01-33-11][streamline][info][tid:1064][4s:940ms:778us]dxgi.cpp:306[CreateDXGIFactoryInternal] Using DXGI proxy interface
[01:33:11.203083] [I] StreamlineHooks::streamlineLogCallback [01-33-11][streamline][info][tid:1064][4s:941ms:736us]dxgiFactory.cpp:221[Release] Destroyed DXGIFactory proxy 0x53ce6a0 - native factory 0xe981f0 ref count 1
[01:33:11.307268] [W] FGHooks::CreateSwapChainForHwnd Can't init FG Feature or invalid FGOutput setting!
[01:33:11.307343] [W] StreamlineHooks::streamlineLogCallback [01-33-11][streamline][warn][tid:1064][5s:045ms:970us]dxgiFactory.cpp:59[queryDevice] Detected base interface 'ID3D12CommandQueue' while expecting SL proxy - please use slUpgradeDevice to obtain SL proxies for DXGI/D3D interfaces
[01:33:11.314248] [I] WrappedIDXGISwapChain4::WrappedIDXGISwapChain4 1 created, real: 75D1F410, refCount: 1
[01:33:11.314504] [I] StreamlineHooks::streamlineLogCallback [01-33-11][streamline][info][tid:1064][5s:053ms:141us]dxgiSwapchain.cpp:95[checkAndUpgradeInterface] Upgraded IDXGISwapChain v0 to v4
[01:33:11.314552] [I] StreamlineHooks::streamlineLogCallback [01-33-11][streamline][info][tid:1064][5s:053ms:204us]dxgiSwapchain.cpp:299[operator ()] Redirecting IDXGISwapChain::SetFullscreenState Fullscreen = 0
[01:33:11.314820] [I] StreamlineHooks::streamlineLogCallback [01-33-11][streamline][info][tid:1064][5s:053ms:469us]dxgiSwapchain.cpp:299[operator ()] Redirecting IDXGISwapChain::SetFullscreenState Fullscreen = 0
[01:33:11.333178] [I] ffxFsr3ContextCreate_Dx12 context created: 1583D503EC
[01:33:11.333893] [I] StreamlineHooks::streamlineLogCallback [01-33-11][streamline][info][tid:1064][5s:072ms:534us]dxgi.cpp:306[CreateDXGIFactoryInternal] Using DXGI proxy interface
[01:33:11.334931] [I] StreamlineHooks::streamlineLogCallback [01-33-11][streamline][info][tid:1064][5s:073ms:577us]dxgiFactory.cpp:221[Release] Destroyed DXGIFactory proxy 0x53f6da0 - native factory 0xe98310 ref count 1
[01:33:11.335003] [I] StreamlineHooks::streamlineLogCallback [01-33-11][streamline][info][tid:1064][5s:073ms:656us]dxgi.cpp:306[CreateDXGIFactoryInternal] Using DXGI proxy interface
[01:33:11.336356] [I] StreamlineHooks::streamlineLogCallback [01-33-11][streamline][info][tid:1064][5s:075ms:003us]dxgiFactory.cpp:221[Release] Destroyed DXGIFactory proxy 0x53f9140 - native factory 0xe98430 ref count 1
[01:33:11.344295] [I] StreamlineHooks::streamlineLogCallback [01-33-11][streamline][info][tid:1064][5s:082ms:931us]dxgiSwapchain.cpp:299[operator ()] Redirecting IDXGISwapChain::SetFullscreenState Fullscreen = 0
[01:33:11.425522] [W] StreamlineHooks::streamlineLogCallback [01-33-11][streamline][warn][tid:1092][5s:164ms:144us]commonEntry.cpp:402[validateCommonConstants] Value consts.cameraPinholeOffset should not be left as invalid
[01:33:11.441198] [I] StreamlineHooks::streamlineLogCallback [01-33-11][streamline][info][tid:1092][5s:179ms:813us]commonInterface.cpp:585[presentCommon] Total VRAM used: 0.73 GB
[01:33:11.462390] [I] StreamlineHooks::streamlineLogCallback [01-33-11][streamline][info][tid:1128][5s:200ms:960us]commonInterface.cpp:585[presentCommon] Total VRAM used: 0.76 GB
[01:33:11.584064] [I] ReflexHooks::setFPSLimit Set FPS Limit to: 0
[01:33:11.590445] [I] ReflexHooks::setFPSLimit Set FPS Limit to: 0
[01:33:11.629365] [I] ReflexHooks::setFPSLimit Set FPS Limit to: 0
[01:33:11.742780] [I] ReflexHooks::setFPSLimit Set FPS Limit to: 0
[01:33:11.743156] [I] StreamlineHooks::streamlineLogCallback [01-33-11][streamline][info][tid:1128][5s:481ms:765us]commonInterface.cpp:585[presentCommon] Total VRAM used: 0.99 GB
[01:33:11.747330] [I] ReflexHooks::setFPSLimit Set FPS Limit to: 0
[01:33:11.759300] [I] ReflexHooks::setFPSLimit Set FPS Limit to: 0
[01:33:11.759368] [I] StreamlineHooks::streamlineLogCallback [01-33-11][streamline][info][tid:1120][5s:497ms:998us]commonInterface.cpp:585[presentCommon] Total VRAM used: 1.02 GB
[01:33:11.760106] [I] ReflexHooks::setFPSLimit Set FPS Limit to: 0
[01:33:11.761015] [I] ReflexHooks::setFPSLimit Set FPS Limit to: 0
[01:33:11.761088] [I] StreamlineHooks::streamlineLogCallback [01-33-11][streamline][info][tid:1140][5s:499ms:717us]commonInterface.cpp:585[presentCommon] Total VRAM used: 1.02 GB
[01:33:11.761832] [I] ReflexHooks::setFPSLimit Set FPS Limit to: 0
[01:33:11.762790] [I] ReflexHooks::setFPSLimit Set FPS Limit to: 0
[01:33:11.762844] [I] StreamlineHooks::streamlineLogCallback [01-33-11][streamline][info][tid:1136][5s:501ms:475us]commonInterface.cpp:585[presentCommon] Total VRAM used: 1.02 GB
[01:33:11.763368] [I] ReflexHooks::setFPSLimit Set FPS Limit to: 0
[01:33:11.772503] [I] ReflexHooks::setFPSLimit Set FPS Limit to: 0
[01:33:11.772562] [I] StreamlineHooks::streamlineLogCallback [01-33-11][streamline][info][tid:1140][5s:511ms:195us]commonInterface.cpp:585[presentCommon] Total VRAM used: 1.02 GB
[01:33:11.773362] [I] ReflexHooks::setFPSLimit Set FPS Limit to: 0
[01:33:11.782181] [I] ReflexHooks::setFPSLimit Set FPS Limit to: 0
[01:33:11.782855] [I] ReflexHooks::setFPSLimit Set FPS Limit to: 0
[01:33:11.807188] [I] StreamlineHooks::streamlineLogCallback [01-33-11][streamline][info][tid:1064][5s:545ms:757us]commonInterface.cpp:585[presentCommon] Total VRAM used: 1.02 GB
[01:33:11.953157] [I] StreamlineHooks::streamlineLogCallback [01-33-11][streamline][info][tid:1108][5s:691ms:780us]commonInterface.cpp:585[presentCommon] Total VRAM used: 1.04 GB
[01:33:11.961114] [I] StreamlineHooks::streamlineLogCallback [01-33-11][streamline][info][tid:1140][5s:699ms:748us]commonInterface.cpp:585[presentCommon] Total VRAM used: 1.04 GB
[01:33:12.097707] [I] StreamlineHooks::streamlineLogCallback [01-33-12][streamline][info][tid:1088][5s:836ms:343us]commonInterface.cpp:585[presentCommon] Total VRAM used: 1.05 GB
[01:33:12.594816] [I] StreamlineHooks::streamlineLogCallback [01-33-12][streamline][info][tid:1092][6s:333ms:454us]commonInterface.cpp:585[presentCommon] Total VRAM used: 1.05 GB
[01:33:12.600929] [I] StreamlineHooks::streamlineLogCallback [01-33-12][streamline][info][tid:1140][6s:339ms:562us]commonInterface.cpp:585[presentCommon] Total VRAM used: 1.05 GB
[01:33:12.810456] [I] StreamlineHooks::streamlineLogCallback [01-33-12][streamline][info][tid:1112][6s:549ms:087us]commonInterface.cpp:585[presentCommon] Total VRAM used: 1.05 GB
[01:33:13.649083] [I] StreamlineHooks::streamlineLogCallback [01-33-13][streamline][info][tid:1124][7s:387ms:714us]commonInterface.cpp:585[presentCommon] Total VRAM used: 1.05 GB
[01:33:13.741511] [I] StreamlineHooks::streamlineLogCallback [01-33-13][streamline][info][tid:1128][7s:480ms:144us]commonInterface.cpp:585[presentCommon] Total VRAM used: 1.05 GB
[01:33:13.991039] [I] StreamlineHooks::streamlineLogCallback [01-33-13][streamline][info][tid:1136][7s:729ms:613us]commonInterface.cpp:585[presentCommon] Total VRAM used: 1.05 GB
[01:33:14.084738] [I] StreamlineHooks::streamlineLogCallback [01-33-14][streamline][info][tid:1096][7s:823ms:366us]commonInterface.cpp:585[presentCommon] Total VRAM used: 1.10 GB
[01:33:14.085792] [I] StreamlineHooks::streamlineLogCallback [01-33-14][streamline][info][tid:1108][7s:824ms:428us]commonInterface.cpp:585[presentCommon] Total VRAM used: 1.10 GB
[01:33:14.123106] [I] StreamlineHooks::streamlineLogCallback [01-33-14][streamline][info][tid:1104][7s:861ms:688us]commonInterface.cpp:585[presentCommon] Total VRAM used: 1.10 GB
[01:33:14.125674] [I] StreamlineHooks::streamlineLogCallback [01-33-14][streamline][info][tid:1124][7s:864ms:283us]commonInterface.cpp:585[presentCommon] Total VRAM used: 1.10 GB
[01:33:14.131699] [I] StreamlineHooks::streamlineLogCallback [01-33-14][streamline][info][tid:1116][7s:870ms:260us]commonInterface.cpp:585[presentCommon] Total VRAM used: 1.11 GB
[01:33:14.137426] [I] StreamlineHooks::streamlineLogCallback [01-33-14][streamline][info][tid:1108][7s:876ms:036us]commonInterface.cpp:585[presentCommon] Total VRAM used: 1.12 GB
[01:33:14.143523] [I] StreamlineHooks::streamlineLogCallback [01-33-14][streamline][info][tid:1116][7s:882ms:145us]commonInterface.cpp:585[presentCommon] Total VRAM used: 1.12 GB
[01:33:14.144690] [I] StreamlineHooks::streamlineLogCallback [01-33-14][streamline][info][tid:1140][7s:883ms:300us]commonInterface.cpp:585[presentCommon] Total VRAM used: 1.13 GB
[01:33:14.147083] [I] StreamlineHooks::streamlineLogCallback [01-33-14][streamline][info][tid:1100][7s:885ms:544us]commonInterface.cpp:585[presentCommon] Total VRAM used: 1.13 GB
[01:33:14.155450] [I] StreamlineHooks::streamlineLogCallback [01-33-14][streamline][info][tid:1112][7s:894ms:063us]commonInterface.cpp:585[presentCommon] Total VRAM used: 1.20 GB
[01:33:14.157586] [I] StreamlineHooks::streamlineLogCallback [01-33-14][streamline][info][tid:1084][7s:896ms:217us]commonInterface.cpp:585[presentCommon] Total VRAM used: 1.20 GB
[01:33:14.161757] [I] StreamlineHooks::streamlineLogCallback [01-33-14][streamline][info][tid:1136][7s:900ms:381us]commonInterface.cpp:585[presentCommon] Total VRAM used: 1.22 GB
[01:33:14.165145] [I] StreamlineHooks::streamlineLogCallback [01-33-14][streamline][info][tid:1116][7s:903ms:757us]commonInterface.cpp:585[presentCommon] Total VRAM used: 1.22 GB
[01:33:14.166509] [I] StreamlineHooks::streamlineLogCallback [01-33-14][streamline][info][tid:1108][7s:905ms:133us]commonInterface.cpp:585[presentCommon] Total VRAM used: 1.22 GB
[01:33:14.170091] [I] StreamlineHooks::streamlineLogCallback [01-33-14][streamline][info][tid:1104][7s:908ms:717us]commonInterface.cpp:585[presentCommon] Total VRAM used: 1.22 GB
[01:33:14.177655] [I] StreamlineHooks::streamlineLogCallback [01-33-14][streamline][info][tid:1112][7s:916ms:287us]commonInterface.cpp:585[presentCommon] Total VRAM used: 1.22 GB
[01:33:14.178426] [I] StreamlineHooks::streamlineLogCallback [01-33-14][streamline][info][tid:1112][7s:917ms:064us]commonInterface.cpp:585[presentCommon] Total VRAM used: 1.22 GB
[01:33:14.316809] [I] StreamlineHooks::streamlineLogCallback [01-33-14][streamline][info][tid:1064][8s:055ms:416us]commonInterface.cpp:585[presentCommon] Total VRAM used: 2.96 GB
[01:33:14.325230] [I] StreamlineHooks::streamlineLogCallback [01-33-14][streamline][info][tid:1140][8s:063ms:849us]commonInterface.cpp:585[presentCommon] Total VRAM used: 2.96 GB
[01:33:14.326271] [I] StreamlineHooks::streamlineLogCallback [01-33-14][streamline][info][tid:1112][8s:064ms:898us]commonInterface.cpp:585[presentCommon] Total VRAM used: 2.96 GB
[01:33:14.338298] [I] StreamlineHooks::streamlineLogCallback [01-33-14][streamline][info][tid:1104][8s:076ms:926us]commonInterface.cpp:585[presentCommon] Total VRAM used: 2.97 GB
[01:33:14.382244] [I] StreamlineHooks::streamlineLogCallback [01-33-14][streamline][info][tid:1140][8s:120ms:865us]commonInterface.cpp:585[presentCommon] Total VRAM used: 2.98 GB
[01:33:14.387106] [I] StreamlineHooks::streamlineLogCallback [01-33-14][streamline][info][tid:1128][8s:125ms:726us]commonInterface.cpp:585[presentCommon] Total VRAM used: 3.00 GB
[01:33:14.388783] [I] StreamlineHooks::streamlineLogCallback [01-33-14][streamline][info][tid:1100][8s:127ms:408us]commonInterface.cpp:585[presentCommon] Total VRAM used: 3.00 GB
[01:33:14.434469] [I] StreamlineHooks::streamlineLogCallback [01-33-14][streamline][info][tid:1132][8s:173ms:080us]commonInterface.cpp:585[presentCommon] Total VRAM used: 3.02 GB
[01:33:14.472911] [I] StreamlineHooks::streamlineLogCallback [01-33-14][streamline][info][tid:1100][8s:211ms:535us]commonInterface.cpp:585[presentCommon] Total VRAM used: 3.03 GB
[01:33:14.483739] [I] StreamlineHooks::streamlineLogCallback [01-33-14][streamline][info][tid:1132][8s:222ms:361us]commonInterface.cpp:585[presentCommon] Total VRAM used: 3.05 GB
[01:33:14.519361] [I] StreamlineHooks::streamlineLogCallback [01-33-14][streamline][info][tid:1132][8s:257ms:979us]commonInterface.cpp:585[presentCommon] Total VRAM used: 3.05 GB
[01:33:14.523418] [I] StreamlineHooks::streamlineLogCallback [01-33-14][streamline][info][tid:1128][8s:262ms:028us]commonInterface.cpp:585[presentCommon] Total VRAM used: 3.07 GB
[01:33:14.526209] [I] StreamlineHooks::streamlineLogCallback [01-33-14][streamline][info][tid:1092][8s:264ms:816us]commonInterface.cpp:585[presentCommon] Total VRAM used: 3.09 GB
[01:33:14.529532] [I] StreamlineHooks::streamlineLogCallback [01-33-14][streamline][info][tid:1120][8s:268ms:146us]commonInterface.cpp:585[presentCommon] Total VRAM used: 3.09 GB
[01:33:14.531637] [I] StreamlineHooks::streamlineLogCallback [01-33-14][streamline][info][tid:1128][8s:270ms:260us]commonInterface.cpp:585[presentCommon] Total VRAM used: 3.10 GB
[01:33:14.538855] [I] StreamlineHooks::streamlineLogCallback [01-33-14][streamline][info][tid:1092][8s:277ms:464us]commonInterface.cpp:585[presentCommon] Total VRAM used: 3.12 GB
[01:33:14.568959] [I] StreamlineHooks::streamlineLogCallback [01-33-14][streamline][info][tid:1140][8s:307ms:546us]commonInterface.cpp:585[presentCommon] Total VRAM used: 3.16 GB
[01:33:14.605327] [I] NVSDK_NGX_D3D12_CreateFeature HandleId: 1000000
[01:33:14.605400] [I] NVSDK_NGX_D3D12_CreateFeature Creating new fsr31 upscaler
[01:33:14.605422] [I] IFeature::SetHandle Handle: 1000000
[01:33:14.605439] [I] IFeature::SetInitParameters Init Flag AutoExposure: true
[01:33:14.605452] [I] IFeature::SetInitParameters Init Flag DepthInverted: true
[01:33:14.605472] [I] IFeature::SetInitParameters Init Flag IsHdr: true
[01:33:14.605483] [I] IFeature::SetInitParameters Init Flag JitteredMV: false
[01:33:14.605489] [I] IFeature::SetInitParameters Init Flag LowResMV: true
[01:33:14.605495] [I] IFeature::SetInitParameters Init Flag SharpenEnabled: false
[01:33:14.605504] [I] IFeature::SetInitParameters Render Resolution: 2024x847, Display Resolution 3440x1440, Quality: 1
[01:33:14.605511] [I] FSR31FeatureDx12::FSR31FeatureDx12 amd_fidelityfx_dx12.dll methods loaded!
[01:33:14.605525] [I] hkAmdExtD3DCreateInterface IAmdExtFfxApi queried, returning custom AmdExtFfxApi
[01:33:14.605550] [I] UpdateFfxApiProviderEx for: Upscaling, result: 0X0
[01:33:14.605586] [I] hkAmdExtD3DCreateInterface IAmdExtD3DFactory queried, returning custom AmdExtD3DFactory
[01:33:14.605601] [I] AmdExtD3DFactory::CreateInterface Custom IAmdExtD3DDevice8 queried, returning custom AmdExtD3DDevice8
[01:33:14.605616] [I] AmdExtD3DFactory::CreateInterface Custom IAmdExtD3DShaderIntrinsics queried, returning custom AmdExtD3DShaderIntrinsics
[01:33:14.605633] [I] hkAmdExtD3DCreateInterface IAmdExtD3DFactory queried, returning custom AmdExtD3DFactory
[01:33:14.605645] [I] AmdExtD3DFactory::CreateInterface Custom IAmdExtD3DDevice8 queried, returning custom AmdExtD3DDevice8
[01:33:14.605655] [I] AmdExtD3DFactory::CreateInterface Custom IAmdExtD3DShaderIntrinsics queried, returning custom AmdExtD3DShaderIntrinsics
[01:33:14.605667] [I] hkAmdExtD3DCreateInterface IAmdExtFfxApi queried, returning custom AmdExtFfxApi
[01:33:14.605680] [I] UpdateFfxApiProviderEx for: Upscaling, result: 0X0
[01:33:14.605689] [I] hkAmdExtD3DCreateInterface IAmdExtD3DFactory queried, returning custom AmdExtD3DFactory
[01:33:14.605700] [I] AmdExtD3DFactory::CreateInterface Custom IAmdExtD3DDevice8 queried, returning custom AmdExtD3DDevice8
[01:33:14.605709] [I] AmdExtD3DFactory::CreateInterface Custom IAmdExtD3DShaderIntrinsics queried, returning custom AmdExtD3DShaderIntrinsics
[01:33:14.605717] [I] hkAmdExtD3DCreateInterface IAmdExtD3DFactory queried, returning custom AmdExtD3DFactory
[01:33:14.605723] [I] AmdExtD3DFactory::CreateInterface Custom IAmdExtD3DDevice8 queried, returning custom AmdExtD3DDevice8
[01:33:14.605729] [I] AmdExtD3DFactory::CreateInterface Custom IAmdExtD3DShaderIntrinsics queried, returning custom AmdExtD3DShaderIntrinsics
[01:33:14.605738] [I] hkAmdExtD3DCreateInterface IAmdExtFfxApi queried, returning custom AmdExtFfxApi
[01:33:14.605752] [I] UpdateFfxApiProviderEx for: Upscaling, result: 0X0
[01:33:14.605765] [I] hkAmdExtD3DCreateInterface IAmdExtD3DFactory queried, returning custom AmdExtD3DFactory
[01:33:14.605778] [I] AmdExtD3DFactory::CreateInterface Custom IAmdExtD3DDevice8 queried, returning custom AmdExtD3DDevice8
[01:33:14.605790] [I] AmdExtD3DFactory::CreateInterface Custom IAmdExtD3DShaderIntrinsics queried, returning custom AmdExtD3DShaderIntrinsics
[01:33:14.605940] [I] hkAmdExtD3DCreateInterface IAmdExtD3DFactory queried, returning custom AmdExtD3DFactory
[01:33:14.605962] [I] AmdExtD3DFactory::CreateInterface Custom IAmdExtD3DDevice8 queried, returning custom AmdExtD3DDevice8
[01:33:14.605970] [I] AmdExtD3DFactory::CreateInterface Custom IAmdExtD3DShaderIntrinsics queried, returning custom AmdExtD3DShaderIntrinsics
[01:33:14.948346] [I] StreamlineHooks::streamlineLogCallback [01-33-14][streamline][info][tid:1128][8s:686ms:974us]commonInterface.cpp:585[presentCommon] Total VRAM used: 4.67 GB
[01:33:14.951801] [I] StreamlineHooks::streamlineLogCallback [01-33-14][streamline][info][tid:1100][8s:690ms:431us]commonInterface.cpp:585[presentCommon] Total VRAM used: 4.67 GB
[01:33:14.964968] [I] StreamlineHooks::streamlineLogCallback [01-33-14][streamline][info][tid:1120][8s:703ms:597us]commonInterface.cpp:585[presentCommon] Total VRAM used: 4.68 GB
[01:33:15.051342] [I] StreamlineHooks::streamlineLogCallback [01-33-15][streamline][info][tid:1128][8s:789ms:967us]commonInterface.cpp:585[presentCommon] Total VRAM used: 4.76 GB
[01:33:15.057748] [I] StreamlineHooks::streamlineLogCallback [01-33-15][streamline][info][tid:1096][8s:796ms:378us]commonInterface.cpp:585[presentCommon] Total VRAM used: 4.76 GB
[01:36:58.897629] [I] StreamlineHooks::streamlineLogCallback [01-36-58][streamline][info][tid:1064][232s:635ms:677us]dxgi.cpp:306[CreateDXGIFactoryInternal] Using DXGI proxy interface
[01:36:58.898821] [I] StreamlineHooks::streamlineLogCallback [01-36-58][streamline][info][tid:1064][232s:636ms:873us]dxgiFactory.cpp:221[Release] Destroyed DXGIFactory proxy 0x582bb50 - native factory 0xe98550 ref count 1
[01:36:58.898877] [I] StreamlineHooks::streamlineLogCallback [01-36-58][streamline][info][tid:1064][232s:636ms:935us]dxgi.cpp:306[CreateDXGIFactoryInternal] Using DXGI proxy interface
[01:36:58.900100] [I] StreamlineHooks::streamlineLogCallback [01-36-58][streamline][info][tid:1064][232s:638ms:153us]dxgiFactory.cpp:221[Release] Destroyed DXGIFactory proxy 0x582cd00 - native factory 0xe98670 ref count 1
[01:36:58.944662] [I] StreamlineHooks::streamlineLogCallback [01-36-58][streamline][info][tid:1064][232s:682ms:708us]dxgiSwapchain.cpp:299[operator ()] Redirecting IDXGISwapChain::SetFullscreenState Fullscreen = 0
[01:36:58.944825] [I] NVSDK_NGX_D3D12_ReleaseFeature releasing feature with id 1000000
[01:36:58.945639] [I] ffxFsr3ContextDestroy_Dx12 result: 0
[01:37:20.099041] [I] NVSDK_NGX_D3D12_CreateFeature HandleId: 1000001
[01:37:20.099112] [I] NVSDK_NGX_D3D12_CreateFeature Creating new fsr31 upscaler
[01:37:20.099126] [I] IFeature::SetHandle Handle: 1000001
[01:37:20.099139] [I] IFeature::SetInitParameters Init Flag AutoExposure: false
[01:37:20.099148] [I] IFeature::SetInitParameters Init Flag DepthInverted: true
[01:37:20.099158] [I] IFeature::SetInitParameters Init Flag IsHdr: true
[01:37:20.099174] [I] IFeature::SetInitParameters Init Flag JitteredMV: false
[01:37:20.099184] [I] IFeature::SetInitParameters Init Flag LowResMV: true
[01:37:20.099193] [I] IFeature::SetInitParameters Init Flag SharpenEnabled: false
[01:37:20.099207] [I] IFeature::SetInitParameters Render Resolution: 2023x847, Display Resolution 3440x1440, Quality: 1
[01:37:20.099218] [I] FSR31FeatureDx12::FSR31FeatureDx12 amd_fidelityfx_dx12.dll methods loaded!
[01:37:20.099238] [I] hkAmdExtD3DCreateInterface IAmdExtFfxApi queried, returning custom AmdExtFfxApi
[01:37:20.099270] [I] UpdateFfxApiProviderEx for: Upscaling, result: 0X0
[01:37:20.099286] [I] hkAmdExtD3DCreateInterface IAmdExtD3DFactory queried, returning custom AmdExtD3DFactory
[01:37:20.099295] [I] AmdExtD3DFactory::CreateInterface Custom IAmdExtD3DDevice8 queried, returning custom AmdExtD3DDevice8
[01:37:20.099305] [I] AmdExtD3DFactory::CreateInterface Custom IAmdExtD3DShaderIntrinsics queried, returning custom AmdExtD3DShaderIntrinsics
[01:37:20.099317] [I] hkAmdExtD3DCreateInterface IAmdExtD3DFactory queried, returning custom AmdExtD3DFactory
[01:37:20.099326] [I] AmdExtD3DFactory::CreateInterface Custom IAmdExtD3DDevice8 queried, returning custom AmdExtD3DDevice8
[01:37:20.099335] [I] AmdExtD3DFactory::CreateInterface Custom IAmdExtD3DShaderIntrinsics queried, returning custom AmdExtD3DShaderIntrinsics
[01:37:20.099345] [I] hkAmdExtD3DCreateInterface IAmdExtFfxApi queried, returning custom AmdExtFfxApi
[01:37:20.099360] [I] UpdateFfxApiProviderEx for: Upscaling, result: 0X0
[01:37:20.099370] [I] hkAmdExtD3DCreateInterface IAmdExtD3DFactory queried, returning custom AmdExtD3DFactory
[01:37:20.099379] [I] AmdExtD3DFactory::CreateInterface Custom IAmdExtD3DDevice8 queried, returning custom AmdExtD3DDevice8
[01:37:20.099389] [I] AmdExtD3DFactory::CreateInterface Custom IAmdExtD3DShaderIntrinsics queried, returning custom AmdExtD3DShaderIntrinsics
[01:37:20.099398] [I] hkAmdExtD3DCreateInterface IAmdExtD3DFactory queried, returning custom AmdExtD3DFactory
[01:37:20.099408] [I] AmdExtD3DFactory::CreateInterface Custom IAmdExtD3DDevice8 queried, returning custom AmdExtD3DDevice8
[01:37:20.099418] [I] AmdExtD3DFactory::CreateInterface Custom IAmdExtD3DShaderIntrinsics queried, returning custom AmdExtD3DShaderIntrinsics
[01:37:20.099436] [I] hkAmdExtD3DCreateInterface IAmdExtFfxApi queried, returning custom AmdExtFfxApi
[01:37:20.099455] [I] UpdateFfxApiProviderEx for: Upscaling, result: 0X0
[01:37:20.099466] [I] hkAmdExtD3DCreateInterface IAmdExtD3DFactory queried, returning custom AmdExtD3DFactory
[01:37:20.099475] [I] AmdExtD3DFactory::CreateInterface Custom IAmdExtD3DDevice8 queried, returning custom AmdExtD3DDevice8
[01:37:20.099484] [I] AmdExtD3DFactory::CreateInterface Custom IAmdExtD3DShaderIntrinsics queried, returning custom AmdExtD3DShaderIntrinsics
[01:37:20.099622] [I] hkAmdExtD3DCreateInterface IAmdExtD3DFactory queried, returning custom AmdExtD3DFactory
[01:37:20.099644] [I] AmdExtD3DFactory::CreateInterface Custom IAmdExtD3DDevice8 queried, returning custom AmdExtD3DDevice8
[01:37:20.099652] [I] AmdExtD3DFactory::CreateInterface Custom IAmdExtD3DShaderIntrinsics queried, returning custom AmdExtD3DShaderIntrinsics
[01:37:20.176876] [I] StreamlineHooks::streamlineLogCallback [01-37-20][streamline][info][tid:1096][253s:914ms:875us]commonInterface.cpp:585[presentCommon] Total VRAM used: 6.10 GB
[01:37:20.221676] [I] StreamlineHooks::streamlineLogCallback [01-37-20][streamline][info][tid:1120][253s:959ms:674us]commonInterface.cpp:585[presentCommon] Total VRAM used: 6.37 GB
[01:37:20.335689] [I] StreamlineHooks::streamlineLogCallback [01-37-20][streamline][info][tid:1128][254s:073ms:682us]commonInterface.cpp:585[presentCommon] Total VRAM used: 6.50 GB
[01:37:20.447127] [I] StreamlineHooks::streamlineLogCallback [01-37-20][streamline][info][tid:1116][254s:185ms:124us]commonInterface.cpp:585[presentCommon] Total VRAM used: 6.60 GB
[01:37:20.489192] [I] StreamlineHooks::streamlineLogCallback [01-37-20][streamline][info][tid:1120][254s:227ms:189us]commonInterface.cpp:585[presentCommon] Total VRAM used: 6.68 GB
[01:37:20.531830] [I] StreamlineHooks::streamlineLogCallback [01-37-20][streamline][info][tid:1104][254s:269ms:824us]commonInterface.cpp:585[presentCommon] Total VRAM used: 6.74 GB
[01:37:28.883876] [I] StreamlineHooks::streamlineLogCallback [01-37-28][streamline][info][tid:1136][262s:621ms:852us]commonInterface.cpp:585[presentCommon] Total VRAM used: 6.75 GB
[01:37:28.910426] [I] StreamlineHooks::streamlineLogCallback [01-37-28][streamline][info][tid:1116][262s:648ms:405us]commonInterface.cpp:585[presentCommon] Total VRAM used: 6.75 GB
[01:37:28.993755] [I] StreamlineHooks::streamlineLogCallback [01-37-28][streamline][info][tid:1084][262s:731ms:733us]commonInterface.cpp:585[presentCommon] Total VRAM used: 6.75 GB
[01:37:29.022801] [I] StreamlineHooks::streamlineLogCallback [01-37-29][streamline][info][tid:1128][262s:760ms:778us]commonInterface.cpp:585[presentCommon] Total VRAM used: 6.75 GB
[01:37:29.135364] [I] StreamlineHooks::streamlineLogCallback [01-37-29][streamline][info][tid:1116][262s:873ms:340us]commonInterface.cpp:585[presentCommon] Total VRAM used: 6.75 GB
[01:37:29.442556] [I] StreamlineHooks::streamlineLogCallback [01-37-29][streamline][info][tid:1088][263s:180ms:532us]commonInterface.cpp:585[presentCommon] Total VRAM used: 6.76 GB
[01:37:29.469759] [I] StreamlineHooks::streamlineLogCallback [01-37-29][streamline][info][tid:1116][263s:207ms:736us]commonInterface.cpp:585[presentCommon] Total VRAM used: 6.77 GB
[01:37:29.524968] [I] StreamlineHooks::streamlineLogCallback [01-37-29][streamline][info][tid:1112][263s:262ms:946us]commonInterface.cpp:585[presentCommon] Total VRAM used: 6.80 GB
[01:37:29.579466] [I] StreamlineHooks::streamlineLogCallback [01-37-29][streamline][info][tid:1140][263s:317ms:442us]commonInterface.cpp:585[presentCommon] Total VRAM used: 6.80 GB
[01:37:29.607252] [I] StreamlineHooks::streamlineLogCallback [01-37-29][streamline][info][tid:1124][263s:345ms:230us]commonInterface.cpp:585[presentCommon] Total VRAM used: 6.80 GB
[01:37:29.634975] [I] StreamlineHooks::streamlineLogCallback [01-37-29][streamline][info][tid:1112][263s:372ms:948us]commonInterface.cpp:585[presentCommon] Total VRAM used: 6.80 GB
[01:37:31.634252] [E] StreamlineHooks::streamlineLogCallback [01-37-31][streamline][error][tid:1132][265s:372ms:224us]sl.cpp:190[slValidateFeatureContext] 'kFeatureDLSS_G' is missing.
[01:37:36.114942] [I] StreamlineHooks::streamlineLogCallback [01-37-36][streamline][info][tid:1104][269s:852ms:903us]commonInterface.cpp:585[presentCommon] Total VRAM used: 6.81 GB
[01:37:37.929920] [I] StreamlineHooks::streamlineLogCallback [01-37-37][streamline][info][tid:1108][271s:667ms:878us]commonInterface.cpp:585[presentCommon] Total VRAM used: 6.87 GB
[01:37:39.970642] [I] StreamlineHooks::streamlineLogCallback [01-37-39][streamline][info][tid:1136][273s:708ms:578us]commonInterface.cpp:585[presentCommon] Total VRAM used: 6.93 GB
[01:38:23.649846] [I] StreamlineHooks::streamlineLogCallback [01-38-23][streamline][info][tid:1096][317s:387ms:700us]commonInterface.cpp:585[presentCommon] Total VRAM used: 6.94 GB
[01:38:24.537669] [I] StreamlineHooks::streamlineLogCallback [01-38-24][streamline][info][tid:1112][318s:275ms:517us]commonInterface.cpp:585[presentCommon] Total VRAM used: 6.94 GB
[01:38:24.622097] [I] StreamlineHooks::streamlineLogCallback [01-38-24][streamline][info][tid:1092][318s:359ms:950us]commonInterface.cpp:585[presentCommon] Total VRAM used: 6.96 GB
[01:38:24.794515] [I] StreamlineHooks::streamlineLogCallback [01-38-24][streamline][info][tid:1120][318s:532ms:370us]commonInterface.cpp:585[presentCommon] Total VRAM used: 6.97 GB
[01:38:24.825692] [I] StreamlineHooks::streamlineLogCallback [01-38-24][streamline][info][tid:1096][318s:563ms:545us]commonInterface.cpp:585[presentCommon] Total VRAM used: 6.97 GB
[01:38:24.978121] [I] StreamlineHooks::streamlineLogCallback [01-38-24][streamline][info][tid:1116][318s:715ms:965us]commonInterface.cpp:585[presentCommon] Total VRAM used: 6.97 GB
[01:38:25.001302] [I] StreamlineHooks::streamlineLogCallback [01-38-25][streamline][info][tid:1136][318s:739ms:155us]commonInterface.cpp:585[presentCommon] Total VRAM used: 7.01 GB
[01:38:25.198012] [I] StreamlineHooks::streamlineLogCallback [01-38-25][streamline][info][tid:1092][318s:935ms:859us]commonInterface.cpp:585[presentCommon] Total VRAM used: 7.02 GB
[01:38:25.257829] [I] StreamlineHooks::streamlineLogCallback [01-38-25][streamline][info][tid:1100][318s:995ms:680us]commonInterface.cpp:585[presentCommon] Total VRAM used: 7.04 GB
[01:38:25.285468] [I] StreamlineHooks::streamlineLogCallback [01-38-25][streamline][info][tid:1140][319s:023ms:303us]commonInterface.cpp:585[presentCommon] Total VRAM used: 7.04 GB
[01:38:25.313704] [I] StreamlineHooks::streamlineLogCallback [01-38-25][streamline][info][tid:1132][319s:051ms:555us]commonInterface.cpp:585[presentCommon] Total VRAM used: 7.04 GB
[01:38:25.351106] [I] StreamlineHooks::streamlineLogCallback [01-38-25][streamline][info][tid:1100][319s:088ms:942us]commonInterface.cpp:585[presentCommon] Total VRAM used: 7.04 GB
[01:38:25.375283] [I] StreamlineHooks::streamlineLogCallback [01-38-25][streamline][info][tid:1124][319s:113ms:129us]commonInterface.cpp:585[presentCommon] Total VRAM used: 7.06 GB
[01:38:25.398435] [I] StreamlineHooks::streamlineLogCallback [01-38-25][streamline][info][tid:1120][319s:136ms:284us]commonInterface.cpp:585[presentCommon] Total VRAM used: 7.08 GB
[01:38:25.457565] [I] StreamlineHooks::streamlineLogCallback [01-38-25][streamline][info][tid:1104][319s:195ms:419us]commonInterface.cpp:585[presentCommon] Total VRAM used: 7.08 GB
[01:38:25.517699] [I] StreamlineHooks::streamlineLogCallback [01-38-25][streamline][info][tid:1092][319s:255ms:550us]commonInterface.cpp:585[presentCommon] Total VRAM used: 7.08 GB
[01:38:25.572588] [I] StreamlineHooks::streamlineLogCallback [01-38-25][streamline][info][tid:1088][319s:310ms:431us]commonInterface.cpp:585[presentCommon] Total VRAM used: 7.08 GB
[01:38:25.633067] [I] StreamlineHooks::streamlineLogCallback [01-38-25][streamline][info][tid:1100][319s:370ms:910us]commonInterface.cpp:585[presentCommon] Total VRAM used: 7.08 GB
[01:38:25.986472] [I] StreamlineHooks::streamlineLogCallback [01-38-25][streamline][info][tid:1140][319s:724ms:323us]commonInterface.cpp:585[presentCommon] Total VRAM used: 7.10 GB
[01:38:26.165226] [I] StreamlineHooks::streamlineLogCallback [01-38-26][streamline][info][tid:1112][319s:903ms:071us]commonInterface.cpp:585[presentCommon] Total VRAM used: 7.12 GB
[01:38:26.406919] [I] StreamlineHooks::streamlineLogCallback [01-38-26][streamline][info][tid:1116][320s:144ms:766us]commonInterface.cpp:585[presentCommon] Total VRAM used: 7.12 GB
[01:38:26.508619] [I] StreamlineHooks::streamlineLogCallback [01-38-26][streamline][info][tid:1116][320s:246ms:466us]commonInterface.cpp:585[presentCommon] Total VRAM used: 7.12 GB
[01:38:26.568678] [I] StreamlineHooks::streamlineLogCallback [01-38-26][streamline][info][tid:1096][320s:306ms:528us]commonInterface.cpp:585[presentCommon] Total VRAM used: 7.15 GB
[01:38:26.963716] [I] StreamlineHooks::streamlineLogCallback [01-38-26][streamline][info][tid:1100][320s:701ms:551us]commonInterface.cpp:585[presentCommon] Total VRAM used: 7.15 GB
[01:38:26.997854] [I] StreamlineHooks::streamlineLogCallback [01-38-26][streamline][info][tid:1092][320s:735ms:704us]commonInterface.cpp:585[presentCommon] Total VRAM used: 7.15 GB
[01:38:27.062167] [I] StreamlineHooks::streamlineLogCallback [01-38-27][streamline][info][tid:1124][320s:800ms:017us]commonInterface.cpp:585[presentCommon] Total VRAM used: 7.15 GB
[01:38:28.211536] [I] StreamlineHooks::streamlineLogCallback [01-38-28][streamline][info][tid:1140][321s:949ms:383us]commonInterface.cpp:585[presentCommon] Total VRAM used: 7.17 GB
[01:38:40.116673] [I] StreamlineHooks::streamlineLogCallback [01-38-40][streamline][info][tid:1132][333s:854ms:492us]commonInterface.cpp:585[presentCommon] Total VRAM used: 7.20 GB
[01:38:40.143477] [I] StreamlineHooks::streamlineLogCallback [01-38-40][streamline][info][tid:1108][333s:881ms:287us]commonInterface.cpp:585[presentCommon] Total VRAM used: 7.20 GB
[01:39:13.810942] [E] StreamlineHooks::streamlineLogCallback [01-39-13][streamline][error][tid:1124][367s:548ms:690us]sl.cpp:190[slValidateFeatureContext] 'kFeatureDLSS_G' is missing.
[01:39:21.470872] [I] StreamlineHooks::streamlineLogCallback [01-39-21][streamline][info][tid:1084][375s:208ms:609us]commonInterface.cpp:585[presentCommon] Total VRAM used: 7.20 GB
[01:39:22.135157] [I] StreamlineHooks::streamlineLogCallback [01-39-22][streamline][info][tid:1136][375s:872ms:892us]commonInterface.cpp:585[presentCommon] Total VRAM used: 7.27 GB
[01:39:27.787182] [I] StreamlineHooks::streamlineLogCallback [01-39-27][streamline][info][tid:1132][381s:524ms:905us]commonInterface.cpp:585[presentCommon] Total VRAM used: 7.32 GB
[01:39:28.125175] [I] StreamlineHooks::streamlineLogCallback [01-39-28][streamline][info][tid:1132][381s:862ms:898us]commonInterface.cpp:585[presentCommon] Total VRAM used: 7.34 GB
[01:39:33.091822] [I] StreamlineHooks::streamlineLogCallback [01-39-33][streamline][info][tid:1136][386s:829ms:534us]commonInterface.cpp:585[presentCommon] Total VRAM used: 7.34 GB
[01:39:33.414465] [I] StreamlineHooks::streamlineLogCallback [01-39-33][streamline][info][tid:1096][387s:152ms:164us]commonInterface.cpp:585[presentCommon] Total VRAM used: 7.34 GB
[01:39:34.927551] [I] StreamlineHooks::streamlineLogCallback [01-39-34][streamline][info][tid:1084][388s:665ms:261us]commonInterface.cpp:585[presentCommon] Total VRAM used: 7.34 GB
[01:39:38.594378] [I] StreamlineHooks::streamlineLogCallback [01-39-38][streamline][info][tid:1132][392s:332ms:080us]commonInterface.cpp:585[presentCommon] Total VRAM used: 7.38 GB
[01:39:39.081341] [I] StreamlineHooks::streamlineLogCallback [01-39-39][streamline][info][tid:1136][392s:819ms:040us]commonInterface.cpp:585[presentCommon] Total VRAM used: 7.38 GB
[01:40:06.680724] [I] StreamlineHooks::streamlineLogCallback [01-40-06][streamline][info][tid:1116][420s:418ms:367us]commonInterface.cpp:585[presentCommon] Total VRAM used: 7.41 GB
[01:40:06.699640] [I] StreamlineHooks::streamlineLogCallback [01-40-06][streamline][info][tid:1096][420s:437ms:285us]commonInterface.cpp:585[presentCommon] Total VRAM used: 7.42 GB
[01:40:06.730806] [I] StreamlineHooks::streamlineLogCallback [01-40-06][streamline][info][tid:1132][420s:468ms:447us]commonInterface.cpp:585[presentCommon] Total VRAM used: 7.42 GB
[01:40:07.137194] [I] StreamlineHooks::streamlineLogCallback [01-40-07][streamline][info][tid:1112][420s:874ms:819us]commonInterface.cpp:585[presentCommon] Total VRAM used: 7.43 GB
[01:40:07.256171] [I] StreamlineHooks::streamlineLogCallback [01-40-07][streamline][info][tid:1104][420s:993ms:811us]commonInterface.cpp:585[presentCommon] Total VRAM used: 7.45 GB
[01:40:07.461531] [I] StreamlineHooks::streamlineLogCallback [01-40-07][streamline][info][tid:1092][421s:199ms:175us]commonInterface.cpp:585[presentCommon] Total VRAM used: 7.47 GB
[01:40:07.496919] [I] StreamlineHooks::streamlineLogCallback [01-40-07][streamline][info][tid:1092][421s:234ms:560us]commonInterface.cpp:585[presentCommon] Total VRAM used: 7.47 GB
[01:40:07.545326] [I] StreamlineHooks::streamlineLogCallback [01-40-07][streamline][info][tid:1100][421s:282ms:947us]commonInterface.cpp:585[presentCommon] Total VRAM used: 7.48 GB
[01:40:07.604560] [I] StreamlineHooks::streamlineLogCallback [01-40-07][streamline][info][tid:1092][421s:342ms:204us]commonInterface.cpp:585[presentCommon] Total VRAM used: 7.48 GB
[01:40:08.322271] [I] StreamlineHooks::streamlineLogCallback [01-40-08][streamline][info][tid:1140][422s:059ms:908us]commonInterface.cpp:585[presentCommon] Total VRAM used: 7.49 GB
[01:40:08.553316] [I] StreamlineHooks::streamlineLogCallback [01-40-08][streamline][info][tid:1104][422s:290ms:951us]commonInterface.cpp:585[presentCommon] Total VRAM used: 7.49 GB
[01:40:08.675488] [I] StreamlineHooks::streamlineLogCallback [01-40-08][streamline][info][tid:1132][422s:413ms:128us]commonInterface.cpp:585[presentCommon] Total VRAM used: 7.49 GB
[01:40:08.738909] [I] StreamlineHooks::streamlineLogCallback [01-40-08][streamline][info][tid:1108][422s:476ms:551us]commonInterface.cpp:585[presentCommon] Total VRAM used: 7.51 GB
[01:40:08.828184] [I] StreamlineHooks::streamlineLogCallback [01-40-08][streamline][info][tid:1096][422s:565ms:814us]commonInterface.cpp:585[presentCommon] Total VRAM used: 7.51 GB
[01:40:09.046170] [I] StreamlineHooks::streamlineLogCallback [01-40-09][streamline][info][tid:1124][422s:783ms:810us]commonInterface.cpp:585[presentCommon] Total VRAM used: 7.52 GB
[01:40:09.110516] [I] StreamlineHooks::streamlineLogCallback [01-40-09][streamline][info][tid:1084][422s:848ms:156us]commonInterface.cpp:585[presentCommon] Total VRAM used: 7.52 GB
[01:40:09.140165] [I] StreamlineHooks::streamlineLogCallback [01-40-09][streamline][info][tid:1112][422s:877ms:805us]commonInterface.cpp:585[presentCommon] Total VRAM used: 7.52 GB
[01:40:09.174337] [I] StreamlineHooks::streamlineLogCallback [01-40-09][streamline][info][tid:1104][422s:911ms:970us]commonInterface.cpp:585[presentCommon] Total VRAM used: 7.52 GB
[01:40:09.206494] [I] StreamlineHooks::streamlineLogCallback [01-40-09][streamline][info][tid:1088][422s:944ms:123us]commonInterface.cpp:585[presentCommon] Total VRAM used: 7.52 GB
[01:40:09.239115] [I] StreamlineHooks::streamlineLogCallback [01-40-09][streamline][info][tid:1088][422s:976ms:750us]commonInterface.cpp:585[presentCommon] Total VRAM used: 7.52 GB
[01:40:09.592696] [I] StreamlineHooks::streamlineLogCallback [01-40-09][streamline][info][tid:1104][423s:330ms:336us]commonInterface.cpp:585[presentCommon] Total VRAM used: 7.53 GB
[01:40:09.720960] [I] StreamlineHooks::streamlineLogCallback [01-40-09][streamline][info][tid:1140][423s:458ms:600us]commonInterface.cpp:585[presentCommon] Total VRAM used: 7.53 GB
[01:40:09.848520] [I] StreamlineHooks::streamlineLogCallback [01-40-09][streamline][info][tid:1140][423s:586ms:159us]commonInterface.cpp:585[presentCommon] Total VRAM used: 7.53 GB
[01:40:09.879418] [I] StreamlineHooks::streamlineLogCallback [01-40-09][streamline][info][tid:1124][423s:617ms:057us]commonInterface.cpp:585[presentCommon] Total VRAM used: 7.53 GB
[01:40:09.942502] [I] StreamlineHooks::streamlineLogCallback [01-40-09][streamline][info][tid:1088][423s:680ms:130us]commonInterface.cpp:585[presentCommon] Total VRAM used: 7.53 GB
[01:40:09.975359] [I] StreamlineHooks::streamlineLogCallback [01-40-09][streamline][info][tid:1092][423s:712ms:998us]commonInterface.cpp:585[presentCommon] Total VRAM used: 7.53 GB
[01:40:10.355398] [I] StreamlineHooks::streamlineLogCallback [01-40-10][streamline][info][tid:1132][424s:093ms:037us]commonInterface.cpp:585[presentCommon] Total VRAM used: 7.54 GB
[01:40:10.506700] [I] StreamlineHooks::streamlineLogCallback [01-40-10][streamline][info][tid:1100][424s:244ms:332us]commonInterface.cpp:585[presentCommon] Total VRAM used: 7.54 GB
[01:40:10.537219] [I] StreamlineHooks::streamlineLogCallback [01-40-10][streamline][info][tid:1104][424s:274ms:857us]commonInterface.cpp:585[presentCommon] Total VRAM used: 7.54 GB
[01:40:10.570437] [I] StreamlineHooks::streamlineLogCallback [01-40-10][streamline][info][tid:1092][424s:308ms:062us]commonInterface.cpp:585[presentCommon] Total VRAM used: 7.54 GB
[01:40:10.597955] [I] StreamlineHooks::streamlineLogCallback [01-40-10][streamline][info][tid:1100][424s:335ms:592us]commonInterface.cpp:585[presentCommon] Total VRAM used: 7.55 GB
[01:40:10.787907] [I] StreamlineHooks::streamlineLogCallback [01-40-10][streamline][info][tid:1104][424s:525ms:544us]commonInterface.cpp:585[presentCommon] Total VRAM used: 7.55 GB
[01:40:11.426409] [I] StreamlineHooks::streamlineLogCallback [01-40-11][streamline][info][tid:1136][425s:164ms:044us]commonInterface.cpp:585[presentCommon] Total VRAM used: 7.55 GB
[01:40:11.793667] [I] StreamlineHooks::streamlineLogCallback [01-40-11][streamline][info][tid:1096][425s:531ms:301us]commonInterface.cpp:585[presentCommon] Total VRAM used: 7.56 GB
[01:40:11.854574] [I] StreamlineHooks::streamlineLogCallback [01-40-11][streamline][info][tid:1088][425s:592ms:204us]commonInterface.cpp:585[presentCommon] Total VRAM used: 7.58 GB
[01:40:11.887232] [I] StreamlineHooks::streamlineLogCallback [01-40-11][streamline][info][tid:1092][425s:624ms:864us]commonInterface.cpp:585[presentCommon] Total VRAM used: 7.58 GB
[01:40:12.291689] [I] StreamlineHooks::streamlineLogCallback [01-40-12][streamline][info][tid:1084][426s:029ms:321us]commonInterface.cpp:585[presentCommon] Total VRAM used: 7.60 GB
[01:40:12.568875] [I] StreamlineHooks::streamlineLogCallback [01-40-12][streamline][info][tid:1084][426s:306ms:510us]commonInterface.cpp:585[presentCommon] Total VRAM used: 7.60 GB
[01:40:14.310762] [I] StreamlineHooks::streamlineLogCallback [01-40-14][streamline][info][tid:1116][428s:048ms:393us]commonInterface.cpp:585[presentCommon] Total VRAM used: 7.60 GB
[01:40:17.679335] [I] StreamlineHooks::streamlineLogCallback [01-40-17][streamline][info][tid:1132][431s:416ms:954us]commonInterface.cpp:585[presentCommon] Total VRAM used: 7.61 GB
[01:40:17.725543] [I] StreamlineHooks::streamlineLogCallback [01-40-17][streamline][info][tid:1136][431s:463ms:168us]commonInterface.cpp:585[presentCommon] Total VRAM used: 7.61 GB
[01:40:20.266052] [I] StreamlineHooks::streamlineLogCallback [01-40-20][streamline][info][tid:1100][434s:003ms:669us]commonInterface.cpp:585[presentCommon] Total VRAM used: 7.61 GB
[01:40:20.343769] [I] StreamlineHooks::streamlineLogCallback [01-40-20][streamline][info][tid:1132][434s:081ms:385us]commonInterface.cpp:585[presentCommon] Total VRAM used: 7.61 GB
[01:40:20.364553] [I] StreamlineHooks::streamlineLogCallback [01-40-20][streamline][info][tid:1140][434s:102ms:170us]commonInterface.cpp:585[presentCommon] Total VRAM used: 7.61 GB
[01:40:20.390750] [I] StreamlineHooks::streamlineLogCallback [01-40-20][streamline][info][tid:1116][434s:128ms:368us]commonInterface.cpp:585[presentCommon] Total VRAM used: 7.61 GB
[01:40:20.415351] [I] StreamlineHooks::streamlineLogCallback [01-40-20][streamline][info][tid:1120][434s:152ms:970us]commonInterface.cpp:585[presentCommon] Total VRAM used: 7.61 GB
[01:40:20.442764] [I] StreamlineHooks::streamlineLogCallback [01-40-20][streamline][info][tid:1084][434s:180ms:383us]commonInterface.cpp:585[presentCommon] Total VRAM used: 7.61 GB
[01:40:20.470475] [I] StreamlineHooks::streamlineLogCallback [01-40-20][streamline][info][tid:1104][434s:208ms:094us]commonInterface.cpp:585[presentCommon] Total VRAM used: 7.61 GB
[01:40:20.497968] [I] StreamlineHooks::streamlineLogCallback [01-40-20][streamline][info][tid:1136][434s:235ms:587us]commonInterface.cpp:585[presentCommon] Total VRAM used: 7.61 GB
[01:40:20.628333] [I] StreamlineHooks::streamlineLogCallback [01-40-20][streamline][info][tid:1104][434s:365ms:952us]commonInterface.cpp:585[presentCommon] Total VRAM used: 7.61 GB
[01:40:20.653900] [I] StreamlineHooks::streamlineLogCallback [01-40-20][streamline][info][tid:1088][434s:391ms:518us]commonInterface.cpp:585[presentCommon] Total VRAM used: 7.61 GB
[01:40:20.680557] [I] StreamlineHooks::streamlineLogCallback [01-40-20][streamline][info][tid:1136][434s:418ms:170us]commonInterface.cpp:585[presentCommon] Total VRAM used: 7.61 GB
[01:40:22.275111] [I] StreamlineHooks::streamlineLogCallback [01-40-22][streamline][info][tid:1116][436s:012ms:697us]commonInterface.cpp:585[presentCommon] Total VRAM used: 7.65 GB
