[22:28:47.177441] [W] OptiScaler v0.9.4-final (7534ad0) loaded
[22:28:47.177514] [W] ---------------------------------
[22:28:47.177552] [W] OptiScaler is freely downloadable from
[22:28:47.177568] [W] GitHub : https://github.com/optiscaler/OptiScaler/releases
[22:28:47.177583] [W] Nexus  : https://www.nexusmods.com/site/mods/986
[22:28:47.177629] [W] If you paid for these files, you've been scammed!
[22:28:47.177644] [W] DO NOT USE IN MULTIPLAYER GAMES
[22:28:47.177659] [I] 
[22:28:47.177687] [I] LogLevel: 2
[22:28:47.177701] [I] 
[22:28:47.177721] [I] Windows version: Windows 10 (10.0.19045)
[22:28:47.177737] [I] Config parameters:
[22:28:47.177751] [I] Upscalers.Dx12Upscaler: fsr31
[22:28:47.177765] [I] FrameGen.Enabled: false
[22:28:47.177779] [I] DLSS.Enabled: false
[22:28:47.177792] [I] Log.LogLevel: 2
[22:28:47.177806] [I] Log.LogToFile: true
[22:28:47.177820] [I] Hotfix.CheckForUpdate: false
[22:28:47.177834] [I] Spoofing.Dxgi: false
[22:28:47.177848] [I] 
[22:28:47.177863] [I] Setting DllPath to S:\steamapps\common\Shadow of the Tomb Raider
[22:28:47.177877] [I] 
[22:28:47.177903] [I] 
[22:28:47.177920] [I] IsRunningOnWine Running on Wine 11.0!
[22:28:47.177935] [I] 
[22:28:47.177948] [I] Check for DLSS files
[22:28:47.178021] [I] Util::FindFilePath nvngx_dlss.dll found at S:\steamapps\common\Shadow of the Tomb Raider
[22:28:47.234136] [I] Not running on Nvidia, disabling DLSS
[22:28:47.234172] [I] 
[22:28:47.234560] [I] CheckQuirks Game's Exe: SOTTR.exe
[22:28:47.234581] [I] CheckQuirks Game Name: Shadow of the Tomb Raider
[22:28:47.234597] [I] CheckQuirks Game Version: 1.0
[22:28:47.234613] [I] CheckQuirks Game Engine: Other
[22:28:47.236750] [I] 
[22:28:47.240216] [I] CheckWorkingMode OptiScaler working as dxgi.dll, system dll loaded
[22:28:47.240631] [W] Config::CheckUpscalerFiles nvngx.dll not found!
[22:28:47.240694] [I] Util::FindFilePath nvngx_dlss.dll found at S:\steamapps\common\Shadow of the Tomb Raider
[22:28:47.240783] [I] Config::CheckUpscalerFiles libxess.dll found in game folder
[22:28:47.241167] [I] Vulkan_wDx12::Hook Attaching Vulkan vkQueueSubmit hook
[22:28:47.242235] [I] 
[22:28:47.244033] [W] Util::LoadProxyLibrary Can't find amd_fidelityfx_loader_dx12.dll, returning nullptr!
[22:28:47.244817] [I] Util::LoadProxyLibrary amd_fidelityfx_dx12.dll loaded from Opti dll path: S:\steamapps\common\Shadow of the Tomb Raider\amd_fidelityfx_dx12.dll
[22:28:47.244845] [I] FfxApiProxy::InitFfxDx12 Loaded from S:\steamapps\common\Shadow of the Tomb Raider\amd_fidelityfx_dx12.dll
[22:28:47.244929] [I] 
[22:28:47.262163] [I] Util::LoadProxyLibrary amd_fidelityfx_upscaler_dx12.dll loaded from Opti dll path: S:\steamapps\common\Shadow of the Tomb Raider\amd_fidelityfx_upscaler_dx12.dll
[22:28:47.264977] [I] FfxApiProxy::InitFfxDx12_SR Loaded from S:\steamapps\common\Shadow of the Tomb Raider\amd_fidelityfx_upscaler_dx12.dll
[22:28:47.265061] [I] FfxApiProxy::InitFfxDx12_SR LoadResult: true
[22:28:47.265081] [I] 
[22:28:47.267009] [W] Util::LoadProxyLibrary Can't find amd_fidelityfx_framegeneration_dx12.dll, returning nullptr!
[22:28:47.267034] [I] FfxApiProxy::InitFfxDx12_FG LoadResult: false
[22:28:47.267050] [I] 
[22:28:47.268842] [W] Util::LoadProxyLibrary Can't find amd_fidelityfx_denoiser_dx12.dll, returning nullptr!
[22:28:47.268868] [I] FfxApiProxy::InitFfxDx12_Denoiser LoadResult: false
[22:28:47.268883] [I] 
[22:28:47.270568] [W] Util::LoadProxyLibrary Can't find amd_fidelityfx_radiancecache_dx12.dll, returning nullptr!
[22:28:47.270595] [I] FfxApiProxy::InitFfxDx12_Radiance LoadResult: false
[22:28:47.270610] [I] FfxApiProxy::InitFfxDx12 LoadResult: true
[22:28:47.270625] [I] 
[22:28:47.272528] [W] Util::LoadProxyLibrary Can't find amd_fidelityfx_framegeneration_dx12.dll, returning nullptr!
[22:28:47.272566] [I] FfxApiProxy::InitFfxDx12_FG LoadResult: false
[22:28:47.272582] [I] 
[22:28:47.274417] [W] Util::LoadProxyLibrary Can't find amd_fidelityfx_denoiser_dx12.dll, returning nullptr!
[22:28:47.274456] [I] FfxApiProxy::InitFfxDx12_Denoiser LoadResult: false
[22:28:47.274492] [I] 
[22:28:47.276776] [W] Util::LoadProxyLibrary Can't find amd_fidelityfx_radiancecache_dx12.dll, returning nullptr!
[22:28:47.276839] [I] FfxApiProxy::InitFfxDx12_Radiance LoadResult: false
[22:28:47.385579] [I] Util::LoadProxyLibrary libxess.dll loaded from Opti dll path: S:\steamapps\common\Shadow of the Tomb Raider\libxess.dll
[22:28:47.385633] [I] XeSSProxy::InitXeSS Loaded from S:\steamapps\common\Shadow of the Tomb Raider\libxess.dll
[22:28:47.385862] [I] XeSSProxy::InitXeSS LoadResult: true
[22:28:47.387908] [W] Util::LoadProxyLibrary Can't find libxess_dx11.dll, returning nullptr!
[22:28:47.387942] [I] XeSSProxy::InitXeSSDx11 LoadResult: false
[22:28:47.389955] [W] Util::LoadProxyLibrary Can't find libxess_fg.dll, returning nullptr!
[22:28:47.392078] [W] Util::LoadProxyLibrary Can't find libxell.dll, returning nullptr!
[22:28:47.392103] [I] NVNGXProxy::InitNVNGX 
[22:28:47.399504] [I] Util::LoadProxyLibrary _nvngx.dll loaded from system path
[22:28:47.399551] [I] NVNGXProxy::InitNVNGX Loaded from C:\windows\system32\_nvngx.dll
[22:28:47.399568] [I] NVNGXProxy::InitNVNGX Getting nvngx method addresses
[22:28:47.399584] [I] HookNgxApi NVSDK_NGX_XXXXXX_GetFeatureRequirements found, hooking!
[22:28:47.399662] [I] 
[22:28:47.400929] [I] InitFSR4Update amdxc64.dll loaded
[22:28:47.400994] [I] OverrideNvapiDll not set, setting it to: true
[22:28:47.401017] [I] 
[22:28:47.401039] [I] HookFSR2ExeInputs Trying to hook FSR2 methods
[22:28:47.401081] [I] HookFSR3ExeInputs Trying to hook FSR3 methods
[22:28:47.401194] [I] 
[22:28:47.401212] [I] Init done
[22:28:47.401243] [I] ---------------------------------------------
[22:28:47.401260] [I] 
[22:28:47.416764] [I] Util::FindFilePath nvngx_dlss.dll found at S:\steamapps\common\Shadow of the Tomb Raider
[22:28:47.885686] [I] LibraryLoadHooks::LoadLibraryCheckW Calling CreateDxgiFactory methods for overlay!
[22:28:47.923996] [I] VulkanSpoofing::hkvkCreateInstance vkInstanceExtensions is empty, enumerating instance extensions
[22:28:47.926197] [I] VulkanSpoofing::hkvkCreateInstance Adding FFX Vulkan extensions
[22:28:47.926230] [I] VulkanSpoofing::hkvkCreateInstance Adding Vulkan w/Dx12 extensions
[22:28:47.978091] [I] VulkanSpoofing::hkvkCreateInstance Adding FFX Vulkan extensions
[22:28:47.978142] [I] VulkanSpoofing::hkvkCreateInstance Adding Vulkan w/Dx12 extensions
[22:28:47.987443] [I] VulkanSpoofing::hkvkCreateInstance Adding FFX Vulkan extensions
[22:28:47.987518] [I] VulkanSpoofing::hkvkCreateInstance Adding Vulkan w/Dx12 extensions
[22:28:48.096447] [I] LibraryLoadHooks::LoadLibraryCheckW dxgi.dll call, returning this dll!
[22:28:48.104197] [I] VulkanSpoofing::hkvkCreateInstance Adding FFX Vulkan extensions
[22:28:48.104245] [I] VulkanSpoofing::hkvkCreateInstance Adding Vulkan w/Dx12 extensions
[22:28:48.109354] [W] DxgiSpoofing::AttachToAdapter DxgiSpoofing and DxgiVRAM is disabled, skipping hooking
[22:28:48.109454] [I] LibraryLoadHooks::LoadLibraryCheckW Overrided C:\windows\system32\nvapi64.dll call!
[22:28:48.215965] [W] LibraryLoadHooks::LoadNvApi nvapi64.dll loaded from system!
[22:28:48.216035] [I] NvApiHooks::Hook NvAPI_QueryInterface found, hooking!
[22:28:48.218206] [I] fakenvapi::Init Failed to initialize fakenvapi
[22:28:48.223571] [I] hkD3D11CreateDevice Adapter Desc: NVIDIA GeForce GTX 1050 Ti
[22:28:48.223596] [I] hkD3D11CreateDevice Overriding D3D_FEATURE_LEVEL, Game requested D3D_FEATURE_LEVEL_11_0, we need D3D_FEATURE_LEVEL_11_1!
[22:28:48.224440] [I] VulkanSpoofing::hkvkCreateDevice vkDeviceExtensions is empty, enumerating device extensions
[22:28:48.225165] [I] VulkanSpoofing::hkvkCreateDevice Adding FFX Vulkan extensions
[22:28:48.225193] [I] VulkanSpoofing::hkvkCreateDevice Adding XeSS Vulkan extensions
[22:28:48.225212] [I] VulkanSpoofing::hkvkCreateDevice Adding Vk w/Dx12 Vulkan extensions
[22:28:48.305646] [I] hkD3D11CreateDevice Device captured
[22:28:48.408761] [I] LibraryLoadHooks::LoadLibraryCheckW nvngx call: S:\steamapps\common\Shadow of the Tomb Raider\nvngx.dll, returning this dll!
[22:28:48.415516] [I] NVSDK_NGX_D3D11_Init_Ext AppId: 100201611
[22:28:48.415547] [I] NVSDK_NGX_D3D11_Init_Ext SDK: 13
[22:28:48.492896] [I] LibraryLoadHooks::LoadLibraryCheckW nvngx call: S:\steamapps\common\Shadow of the Tomb Raider\nvngx.dll, returning this dll!
[22:28:48.500135] [I] NVSDK_NGX_D3D11_Init_Ext AppId: 100201611
[22:28:48.500168] [I] NVSDK_NGX_D3D11_Init_Ext SDK: 13
[22:28:48.500296] [I] hkD3D12CreateDevice Adapter Desc: NVIDIA GeForce GTX 1050 Ti
[22:28:48.515881] [I] VulkanSpoofing::hkvkCreateInstance Skipping because DXVK/VKD3D is creating a D3D device
[22:28:48.651829] [I] VulkanSpoofing::hkvkCreateDevice Skipping because DXVK/VKD3D is creating a D3D device
[22:28:48.758830] [I] NVSDK_NGX_D3D12_Init_with_ProjectID InProjectId: 0F71CA1E-5CA1-E42A-AC1E-5CA1E0A11E55
[22:28:48.758875] [I] NVSDK_NGX_D3D12_Init_with_ProjectID InEngineType: 0
[22:28:48.758893] [I] NVSDK_NGX_D3D12_Init_with_ProjectID InEngineVersion: 0.9.4
[22:28:48.767894] [I] NVSDK_NGX_D3D12_Init_Ext AppId: 4919
[22:28:48.767935] [I] NVSDK_NGX_D3D12_Init_Ext SDK: 13
[22:28:48.767958] [I] NVSDK_NGX_D3D12_Init_Ext InApplicationDataPath S:\steamapps\common\Shadow of the Tomb Raider\
[22:28:49.565835] [I] hkD3D11CreateDevice Adapter Desc: NVIDIA GeForce GTX 1050 Ti
[22:28:49.565885] [I] hkD3D11CreateDevice Overriding D3D_FEATURE_LEVEL, Game requested D3D_FEATURE_LEVEL_11_0, we need D3D_FEATURE_LEVEL_11_1!
[22:28:49.566704] [I] VulkanSpoofing::hkvkCreateDevice Adding FFX Vulkan extensions
[22:28:49.566749] [I] VulkanSpoofing::hkvkCreateDevice Adding XeSS Vulkan extensions
[22:28:49.566766] [I] VulkanSpoofing::hkvkCreateDevice Adding Vk w/Dx12 Vulkan extensions
[22:28:49.601646] [I] hkD3D12CreateDevice Adapter Desc: NVIDIA GeForce GTX 1050 Ti
[22:29:08.922906] [I] hkD3D12CreateDevice Adapter Desc: NVIDIA GeForce GTX 1050 Ti
[22:29:08.923779] [I] hkD3D12CreateDevice Adapter Desc: NVIDIA GeForce GTX 1050 Ti
[22:29:09.078670] [W] FGHooks::CreateSwapChainForHwnd Can't init FG Feature or invalid FGOutput setting!
[22:29:09.081688] [I] WrappedIDXGISwapChain4::WrappedIDXGISwapChain4 1 created, real: 21D0830, refCount: 1
[22:29:09.412866] [I] LibraryLoadHooks::LoadLibraryCheckW nvngx call: S:\steamapps\common\Shadow of the Tomb Raider\nvngx.dll, returning this dll!
[22:29:09.419628] [W] NVSDK_NGX_D3D12_Init_Ext NVNGX already inited
[22:29:11.170977] [I] XeSSProxy::Version XeSS Version: v1.1.0
[22:29:11.171150] [I] NVSDK_NGX_D3D12_CreateFeature HandleId: 1000000
[22:29:11.171203] [I] NVSDK_NGX_D3D12_CreateFeature Creating new fsr31 upscaler
[22:29:11.171241] [I] IFeature::SetHandle Handle: 1000000
[22:29:11.171270] [I] IFeature::SetInitParameters Init Flag AutoExposure: false
[22:29:11.171295] [I] IFeature::SetInitParameters Init Flag DepthInverted: true
[22:29:11.171318] [I] IFeature::SetInitParameters Init Flag IsHdr: true
[22:29:11.171342] [I] IFeature::SetInitParameters Init Flag JitteredMV: false
[22:29:11.171366] [I] IFeature::SetInitParameters Init Flag LowResMV: true
[22:29:11.171389] [I] IFeature::SetInitParameters Init Flag SharpenEnabled: false
[22:29:11.171422] [I] IFeature::SetInitParameters Render Resolution: 1280x720, Display Resolution 1920x1080, Quality: 2
[22:29:11.171448] [I] FSR31FeatureDx12::FSR31FeatureDx12 amd_fidelityfx_dx12.dll methods loaded!
[22:29:11.193181] [I] CheckForGPU Adapter: NVIDIA GeForce GTX 1050 Ti, VRAM: 4064 MB
[22:29:11.193241] [I] CheckForGPU RDNA4: false, RDNA3: false, Fsr4Update: false
[22:29:12.606847] [I] ReflexHooks::setFPSLimit Set FPS Limit to: 0
[22:29:13.300347] [I] FeatureProvider_Dx12::ChangeFeature changeBackend is true, counter: 1
[22:29:13.300398] [I] FeatureProvider_Dx12::ChangeFeature changing backend to fsr31
[22:29:14.307655] [I] ReflexHooks::setFPSLimit Set FPS Limit to: 0
[22:29:14.320056] [I] FeatureProvider_Dx12::ChangeFeature changeBackend is true, counter: 2
[22:29:14.320120] [I] FeatureProvider_Dx12::ChangeFeature Creating new fsr31 upscaler
[22:29:14.320148] [I] IFeature::SetHandle Handle: 1000000
[22:29:14.320174] [I] IFeature::SetInitParameters AutoExposure flag overrided by OptiScaler: true
[22:29:14.320207] [I] IFeature::SetInitParameters Init Flag AutoExposure: true
[22:29:14.320231] [I] IFeature::SetInitParameters Init Flag DepthInverted: true
[22:29:14.320253] [I] IFeature::SetInitParameters Init Flag IsHdr: true
[22:29:14.320276] [I] IFeature::SetInitParameters Init Flag JitteredMV: false
[22:29:14.320298] [I] IFeature::SetInitParameters Init Flag LowResMV: true
[22:29:14.320321] [I] IFeature::SetInitParameters Init Flag SharpenEnabled: false
[22:29:14.320348] [I] IFeature::SetInitParameters Render Resolution: 1280x720, Display Resolution 1920x1080, Quality: 2
[22:29:14.320371] [I] FSR31FeatureDx12::FSR31FeatureDx12 amd_fidelityfx_dx12.dll methods loaded!
[22:29:14.367883] [I] ReflexHooks::setFPSLimit Set FPS Limit to: 0
[22:29:14.379578] [I] FeatureProvider_Dx12::ChangeFeature changeBackend is true, counter: 3
[22:29:14.409632] [I] FeatureProvider_Dx12::ChangeFeature init successful for fsr31, upscaler changed
[22:29:14.410759] [I] ReflexHooks::setFPSLimit Set FPS Limit to: 0
[22:29:14.411689] [I] ReflexHooks::setFPSLimit Set FPS Limit to: 0
[22:29:14.419804] [I] ReflexHooks::setFPSLimit Set FPS Limit to: 0
[22:29:14.421109] [I] ReflexHooks::setFPSLimit Set FPS Limit to: 0
[22:29:14.421854] [I] ReflexHooks::setFPSLimit Set FPS Limit to: 0
[22:29:14.424450] [I] ReflexHooks::setFPSLimit Set FPS Limit to: 0
[22:29:14.434881] [I] ReflexHooks::setFPSLimit Set FPS Limit to: 0
[22:29:14.435318] [I] ReflexHooks::setFPSLimit Set FPS Limit to: 0
[22:29:14.445669] [I] ReflexHooks::setFPSLimit Set FPS Limit to: 0
[22:29:14.446167] [I] ReflexHooks::setFPSLimit Set FPS Limit to: 0
[22:29:14.456985] [I] ReflexHooks::setFPSLimit Set FPS Limit to: 0
[22:29:14.457348] [I] ReflexHooks::setFPSLimit Set FPS Limit to: 0
[22:29:14.467545] [I] ReflexHooks::setFPSLimit Set FPS Limit to: 0
[22:29:14.467970] [I] ReflexHooks::setFPSLimit Set FPS Limit to: 0
[22:52:11.666084] [I] 
[22:52:11.666120] [I] DLL_PROCESS_DETACH
[22:52:11.666136] [I] Unloading OptiScaler
